---
source: apollo-router/src/configuration/tests.rs
expression: new_config
---
---
telemetry:
  apollo:
    signature_normalization_algorithm: enhanced
    metrics_reference_mode: extended
apollo_metrics_generation_mode: new
