---
source: apollo-router/src/uplink/entitlement.rs
expression: report.to_string()
---
Configuration yaml:
* Restricted
  .plugins.['experimental.restricted'].enabled

* Authentication plugin
  .authentication

* Coprocessor plugin
  .coprocessor

* Query plan caching
  .supergraph.query_planning.cache.redis

* APQ caching
  .supergraph.apq.cache.redis

* Subgraph caching
  .traffic_shaping.experimental_cache

* Subgraph entity caching
  .traffic_shaping..experimental_entity_caching
