---
source: apollo-router/src/apollo_studio_interop/tests.rs
expression: "&generated"
---
result:
  statsReportKey: "# -\n{noInputQuery{id}}"
  referencedFieldsByType:
    EverythingResponse:
      fieldNames:
        - id
      isInterface: false
    Query:
      fieldNames:
        - noInputQuery
      isInterface: false
