---
source: apollo-router/src/apollo_studio_interop/tests.rs
expression: bridge_result
---
result:
  statsReportKey: "# QueryCommaEdgeCase\nquery QueryCommaEdgeCase{enumInputQuery(anotherStr:\"\",enumInput:SOME_VALUE_1,stringInput:\"\"){enumResponse}}"
  referencedFieldsByType:
    EverythingResponse:
      fieldNames:
        - enumResponse
      isInterface: false
    Query:
      fieldNames:
        - enumInputQuery
      isInterface: false
