---
source: apollo-router/src/apollo_studio_interop/tests.rs
expression: bridge_result
---
result:
  statsReportKey: "# -\nmutation{noInputMutation{id}}"
  referencedFieldsByType:
    EverythingResponse:
      fieldNames:
        - id
      isInterface: false
    Mutation:
      fieldNames:
        - noInputMutation
      isInterface: false
