---
source: apollo-router/src/apollo_studio_interop/tests.rs
expression: bridge_result
---
result:
  statsReportKey: "# InlineInputTypeQuery\nquery InlineInputTypeQuery{inputTypeQuery(input:{}){enumResponse}}"
  referencedFieldsByType:
    EverythingResponse:
      fieldNames:
        - enumResponse
      isInterface: false
    Query:
      fieldNames:
        - inputTypeQuery
      isInterface: false
