---
source: apollo-router/src/apollo_studio_interop/tests.rs
expression: bridge_result
---
result:
  statsReportKey: "# QueryWithVar\nquery QueryWithVar($input_enum:SomeEnum){enumInputQuery(enumInput:$input_enum){listOfBools}}"
  referencedFieldsByType:
    EverythingResponse:
      fieldNames:
        - listOfBools
      isInterface: false
    Query:
      fieldNames:
        - enumInputQuery
      isInterface: false
