---
source: apollo-router/src/apollo_studio_interop/tests.rs
expression: bridge_result
---
result:
  statsReportKey: "# MyQuery\nquery MyQuery{noInputQuery{id}}"
  referencedFieldsByType:
    EverythingResponse:
      fieldNames:
        - id
      isInterface: false
    Query:
      fieldNames:
        - noInputQuery
      isInterface: false
