---
source: apollo-router/tests/apollo_otel_traces.rs
expression: report
---
resourceSpans:
  - resource:
      attributes:
        - key: apollo.client.host
          value: "[redacted]"
        - key: apollo.client.uname
          value: "[redacted]"
        - key: apollo.graph.ref
          value: "[redacted]"
        - key: apollo.router.id
          value: "[redacted]"
        - key: apollo.schema.id
          value: "[redacted]"
        - key: apollo.user.agent
          value: "[redacted]"
      droppedAttributesCount: 0
    scopeSpans:
      - scope:
          name: apollo-router
          version: apollo-router@1.46.0
          attributes: []
          droppedAttributesCount: 0
        spans:
          - traceId: "[trace_id]"
            spanId: "[span_id]"
            traceState: ""
            parentSpanId: "[span_id]"
            flags: 0
            name: query
            kind: 2
            startTimeUnixNano: "[start_time]"
            endTimeUnixNano: "[end_time]"
            attributes:
              - key: apollo_private.request
                value:
                  boolValue: true
              - key: graphql.operation.type
                value:
                  stringValue: query
              - key: http.request.method
                value:
                  stringValue: POST
            droppedAttributesCount: 0
            events: []
            droppedEventsCount: 0
            links: []
            droppedLinksCount: 0
            status:
              message: ""
              code: 0
        schemaUrl: ""
    schemaUrl: ""
  - resource:
      attributes:
        - key: apollo.client.host
          value: "[redacted]"
        - key: apollo.client.uname
          value: "[redacted]"
        - key: apollo.graph.ref
          value: "[redacted]"
        - key: apollo.router.id
          value: "[redacted]"
        - key: apollo.schema.id
          value: "[redacted]"
        - key: apollo.user.agent
          value: "[redacted]"
      droppedAttributesCount: 0
    scopeSpans:
      - scope:
          name: apollo-router
          version: apollo-router@1.46.0
          attributes: []
          droppedAttributesCount: 0
        spans:
          - traceId: "[trace_id]"
            spanId: "[span_id]"
            traceState: ""
            parentSpanId: "[span_id]"
            flags: 0
            name: router
            kind: 1
            startTimeUnixNano: "[start_time]"
            endTimeUnixNano: "[end_time]"
            attributes:
              - key: apollo_private.duration_ns
                value:
                  intValue: 1147118333
              - key: apollo_private.http.request_headers
                value:
                  stringValue: "{}"
              - key: apollo_private.http.response_headers
                value:
                  stringValue: "{\"my_trace_id\":[\"4d6b6b8e6e71e3b45349024d4e982371\"]}"
              - key: client.name
                value:
                  stringValue: my client
              - key: client.version
                value:
                  stringValue: ""
              - key: http.request.method
                value:
                  stringValue: POST
              - key: http.response.status_code
                value:
                  intValue: 200
              - key: trace_id
                value:
                  stringValue: 4d6b6b8e6e71e3b45349024d4e982371
            droppedAttributesCount: 0
            events: []
            droppedEventsCount: 0
            links: []
            droppedLinksCount: 0
            status:
              message: ""
              code: 0
        schemaUrl: ""
    schemaUrl: ""
  - resource:
      attributes:
        - key: apollo.client.host
          value: "[redacted]"
        - key: apollo.client.uname
          value: "[redacted]"
        - key: apollo.graph.ref
          value: "[redacted]"
        - key: apollo.router.id
          value: "[redacted]"
        - key: apollo.schema.id
          value: "[redacted]"
        - key: apollo.user.agent
          value: "[redacted]"
      droppedAttributesCount: 0
    scopeSpans:
      - scope:
          name: apollo-router
          version: apollo-router@1.46.0
          attributes: []
          droppedAttributesCount: 0
        spans:
          - traceId: "[trace_id]"
            spanId: "[span_id]"
            traceState: ""
            parentSpanId: "[span_id]"
            flags: 0
            name: rhai_plugin
            kind: 1
            startTimeUnixNano: "[start_time]"
            endTimeUnixNano: "[end_time]"
            attributes: []
            droppedAttributesCount: 0
            events: []
            droppedEventsCount: 0
            links: []
            droppedLinksCount: 0
            status:
              message: ""
              code: 0
        schemaUrl: ""
    schemaUrl: ""
  - resource:
      attributes:
        - key: apollo.client.host
          value: "[redacted]"
        - key: apollo.client.uname
          value: "[redacted]"
        - key: apollo.graph.ref
          value: "[redacted]"
        - key: apollo.router.id
          value: "[redacted]"
        - key: apollo.schema.id
          value: "[redacted]"
        - key: apollo.user.agent
          value: "[redacted]"
      droppedAttributesCount: 0
    scopeSpans:
      - scope:
          name: apollo-router
          version: apollo-router@1.46.0
          attributes: []
          droppedAttributesCount: 0
        spans:
          - traceId: "[trace_id]"
            spanId: "[span_id]"
            traceState: ""
            parentSpanId: "[span_id]"
            flags: 0
            name: parse_query
            kind: 1
            startTimeUnixNano: "[start_time]"
            endTimeUnixNano: "[end_time]"
            attributes: []
            droppedAttributesCount: 0
            events: []
            droppedEventsCount: 0
            links: []
            droppedLinksCount: 0
            status:
              message: ""
              code: 0
        schemaUrl: ""
    schemaUrl: ""
  - resource:
      attributes:
        - key: apollo.client.host
          value: "[redacted]"
        - key: apollo.client.uname
          value: "[redacted]"
        - key: apollo.graph.ref
          value: "[redacted]"
        - key: apollo.router.id
          value: "[redacted]"
        - key: apollo.schema.id
          value: "[redacted]"
        - key: apollo.user.agent
          value: "[redacted]"
      droppedAttributesCount: 0
    scopeSpans:
      - scope:
          name: apollo-router
          version: apollo-router@1.46.0
          attributes: []
          droppedAttributesCount: 0
        spans:
          - traceId: "[trace_id]"
            spanId: "[span_id]"
            traceState: ""
            parentSpanId: "[span_id]"
            flags: 0
            name: supergraph
            kind: 1
            startTimeUnixNano: "[start_time]"
            endTimeUnixNano: "[end_time]"
            attributes:
              - key: apollo_private.graphql.variables
                value:
                  stringValue: "{}"
              - key: apollo_private.operation_signature
                value:
                  stringValue: "# -\n{topProducts{name reviews{author{name}}reviews{author{name}}}}"
            droppedAttributesCount: 0
            events: []
            droppedEventsCount: 0
            links: []
            droppedLinksCount: 0
            status:
              message: ""
              code: 0
        schemaUrl: ""
    schemaUrl: ""
  - resource:
      attributes:
        - key: apollo.client.host
          value: "[redacted]"
        - key: apollo.client.uname
          value: "[redacted]"
        - key: apollo.graph.ref
          value: "[redacted]"
        - key: apollo.router.id
          value: "[redacted]"
        - key: apollo.schema.id
          value: "[redacted]"
        - key: apollo.user.agent
          value: "[redacted]"
      droppedAttributesCount: 0
    scopeSpans:
      - scope:
          name: apollo-router
          version: apollo-router@1.46.0
          attributes: []
          droppedAttributesCount: 0
        spans:
          - traceId: "[trace_id]"
            spanId: "[span_id]"
            traceState: ""
            parentSpanId: "[span_id]"
            flags: 0
            name: rhai_plugin
            kind: 1
            startTimeUnixNano: "[start_time]"
            endTimeUnixNano: "[end_time]"
            attributes: []
            droppedAttributesCount: 0
            events: []
            droppedEventsCount: 0
            links: []
            droppedLinksCount: 0
            status:
              message: ""
              code: 0
        schemaUrl: ""
    schemaUrl: ""
  - resource:
      attributes:
        - key: apollo.client.host
          value: "[redacted]"
        - key: apollo.client.uname
          value: "[redacted]"
        - key: apollo.graph.ref
          value: "[redacted]"
        - key: apollo.router.id
          value: "[redacted]"
        - key: apollo.schema.id
          value: "[redacted]"
        - key: apollo.user.agent
          value: "[redacted]"
      droppedAttributesCount: 0
    scopeSpans:
      - scope:
          name: apollo-router
          version: apollo-router@1.46.0
          attributes: []
          droppedAttributesCount: 0
        spans:
          - traceId: "[trace_id]"
            spanId: "[span_id]"
            traceState: ""
            parentSpanId: "[span_id]"
            flags: 0
            name: query_planning
            kind: 1
            startTimeUnixNano: "[start_time]"
            endTimeUnixNano: "[end_time]"
            attributes: []
            droppedAttributesCount: 0
            events: []
            droppedEventsCount: 0
            links: []
            droppedLinksCount: 0
            status:
              message: ""
              code: 0
        schemaUrl: ""
    schemaUrl: ""
  - resource:
      attributes:
        - key: apollo.client.host
          value: "[redacted]"
        - key: apollo.client.uname
          value: "[redacted]"
        - key: apollo.graph.ref
          value: "[redacted]"
        - key: apollo.router.id
          value: "[redacted]"
        - key: apollo.schema.id
          value: "[redacted]"
        - key: apollo.user.agent
          value: "[redacted]"
      droppedAttributesCount: 0
    scopeSpans:
      - scope:
          name: apollo-router
          version: apollo-router@1.46.0
          attributes: []
          droppedAttributesCount: 0
        spans:
          - traceId: "[trace_id]"
            spanId: "[span_id]"
            traceState: ""
            parentSpanId: "[span_id]"
            flags: 0
            name: execution
            kind: 1
            startTimeUnixNano: "[start_time]"
            endTimeUnixNano: "[end_time]"
            attributes:
              - key: graphql.operation.type
                value:
                  stringValue: query
            droppedAttributesCount: 0
            events: []
            droppedEventsCount: 0
            links: []
            droppedLinksCount: 0
            status:
              message: ""
              code: 0
        schemaUrl: ""
    schemaUrl: ""
  - resource:
      attributes:
        - key: apollo.client.host
          value: "[redacted]"
        - key: apollo.client.uname
          value: "[redacted]"
        - key: apollo.graph.ref
          value: "[redacted]"
        - key: apollo.router.id
          value: "[redacted]"
        - key: apollo.schema.id
          value: "[redacted]"
        - key: apollo.user.agent
          value: "[redacted]"
      droppedAttributesCount: 0
    scopeSpans:
      - scope:
          name: apollo-router
          version: apollo-router@1.46.0
          attributes: []
          droppedAttributesCount: 0
        spans:
          - traceId: "[trace_id]"
            spanId: "[span_id]"
            traceState: ""
            parentSpanId: "[span_id]"
            flags: 0
            name: rhai_plugin
            kind: 1
            startTimeUnixNano: "[start_time]"
            endTimeUnixNano: "[end_time]"
            attributes: []
            droppedAttributesCount: 0
            events: []
            droppedEventsCount: 0
            links: []
            droppedLinksCount: 0
            status:
              message: ""
              code: 0
        schemaUrl: ""
    schemaUrl: ""
  - resource:
      attributes:
        - key: apollo.client.host
          value: "[redacted]"
        - key: apollo.client.uname
          value: "[redacted]"
        - key: apollo.graph.ref
          value: "[redacted]"
        - key: apollo.router.id
          value: "[redacted]"
        - key: apollo.schema.id
          value: "[redacted]"
        - key: apollo.user.agent
          value: "[redacted]"
      droppedAttributesCount: 0
    scopeSpans:
      - scope:
          name: apollo-router
          version: apollo-router@1.46.0
          attributes: []
          droppedAttributesCount: 0
        spans:
          - traceId: "[trace_id]"
            spanId: "[span_id]"
            traceState: ""
            parentSpanId: "[span_id]"
            flags: 0
            name: sequence
            kind: 1
            startTimeUnixNano: "[start_time]"
            endTimeUnixNano: "[end_time]"
            attributes: []
            droppedAttributesCount: 0
            events: []
            droppedEventsCount: 0
            links: []
            droppedLinksCount: 0
            status:
              message: ""
              code: 0
        schemaUrl: ""
    schemaUrl: ""
  - resource:
      attributes:
        - key: apollo.client.host
          value: "[redacted]"
        - key: apollo.client.uname
          value: "[redacted]"
        - key: apollo.graph.ref
          value: "[redacted]"
        - key: apollo.router.id
          value: "[redacted]"
        - key: apollo.schema.id
          value: "[redacted]"
        - key: apollo.user.agent
          value: "[redacted]"
      droppedAttributesCount: 0
    scopeSpans:
      - scope:
          name: apollo-router
          version: apollo-router@1.46.0
          attributes: []
          droppedAttributesCount: 0
        spans:
          - traceId: "[trace_id]"
            spanId: "[span_id]"
            traceState: ""
            parentSpanId: "[span_id]"
            flags: 0
            name: fetch
            kind: 1
            startTimeUnixNano: "[start_time]"
            endTimeUnixNano: "[end_time]"
            attributes:
              - key: apollo.subgraph.name
                value:
                  stringValue: products
              - key: apollo_private.sent_time_offset
                value:
                  intValue: 13937369792
            droppedAttributesCount: 0
            events: []
            droppedEventsCount: 0
            links: []
            droppedLinksCount: 0
            status:
              message: ""
              code: 0
        schemaUrl: ""
    schemaUrl: ""
  - resource:
      attributes:
        - key: apollo.client.host
          value: "[redacted]"
        - key: apollo.client.uname
          value: "[redacted]"
        - key: apollo.graph.ref
          value: "[redacted]"
        - key: apollo.router.id
          value: "[redacted]"
        - key: apollo.schema.id
          value: "[redacted]"
        - key: apollo.user.agent
          value: "[redacted]"
      droppedAttributesCount: 0
    scopeSpans:
      - scope:
          name: apollo-router
          version: apollo-router@1.46.0
          attributes: []
          droppedAttributesCount: 0
        spans:
          - traceId: "[trace_id]"
            spanId: "[span_id]"
            traceState: ""
            parentSpanId: "[span_id]"
            flags: 0
            name: subgraph
            kind: 1
            startTimeUnixNano: "[start_time]"
            endTimeUnixNano: "[end_time]"
            attributes:
              - key: apollo.subgraph.name
                value:
                  stringValue: products
              - key: apollo_private.ftv1
                value:
                  stringValue: GgsIxvevsgYQgPPfGSILCMb3r7IGEIDz3xlY4b8ZcvwBYvkBCgt0b3BQcm9kdWN0cxoJW1Byb2R1Y3RdQOusDUjPmA9iRBAAYh8KA3VwYxoHU3RyaW5nIUCPwhFIj6ESagdQcm9kdWN0Yh8KBG5hbWUaBlN0cmluZ0Dl4BJI4ZoTagdQcm9kdWN0YkQQAWIfCgN1cGMaB1N0cmluZyFA25kUSIXNFGoHUHJvZHVjdGIfCgRuYW1lGgZTdHJpbmdAy/UUSKGrFWoHUHJvZHVjdGJEEAJiHwoDdXBjGgdTdHJpbmchQPuUFkiFwhZqB1Byb2R1Y3RiHwoEbmFtZRoGU3RyaW5nQOXyFkiFnBdqB1Byb2R1Y3RqBVF1ZXJ5+QEAAAAAAADwPw==
              - key: graphql.operation.name
                value:
                  stringValue: ""
            droppedAttributesCount: 0
            events: []
            droppedEventsCount: 0
            links: []
            droppedLinksCount: 0
            status:
              message: ""
              code: 0
        schemaUrl: ""
    schemaUrl: ""
  - resource:
      attributes:
        - key: apollo.client.host
          value: "[redacted]"
        - key: apollo.client.uname
          value: "[redacted]"
        - key: apollo.graph.ref
          value: "[redacted]"
        - key: apollo.router.id
          value: "[redacted]"
        - key: apollo.schema.id
          value: "[redacted]"
        - key: apollo.user.agent
          value: "[redacted]"
      droppedAttributesCount: 0
    scopeSpans:
      - scope:
          name: apollo-router
          version: apollo-router@1.46.0
          attributes: []
          droppedAttributesCount: 0
        spans:
          - traceId: "[trace_id]"
            spanId: "[span_id]"
            traceState: ""
            parentSpanId: "[span_id]"
            flags: 0
            name: rhai_plugin
            kind: 1
            startTimeUnixNano: "[start_time]"
            endTimeUnixNano: "[end_time]"
            attributes: []
            droppedAttributesCount: 0
            events: []
            droppedEventsCount: 0
            links: []
            droppedLinksCount: 0
            status:
              message: ""
              code: 0
        schemaUrl: ""
    schemaUrl: ""
  - resource:
      attributes:
        - key: apollo.client.host
          value: "[redacted]"
        - key: apollo.client.uname
          value: "[redacted]"
        - key: apollo.graph.ref
          value: "[redacted]"
        - key: apollo.router.id
          value: "[redacted]"
        - key: apollo.schema.id
          value: "[redacted]"
        - key: apollo.user.agent
          value: "[redacted]"
      droppedAttributesCount: 0
    scopeSpans:
      - scope:
          name: apollo-router
          version: apollo-router@1.46.0
          attributes: []
          droppedAttributesCount: 0
        spans:
          - traceId: "[trace_id]"
            spanId: "[span_id]"
            traceState: ""
            parentSpanId: "[span_id]"
            flags: 0
            name: subgraph_request
            kind: 3
            startTimeUnixNano: "[start_time]"
            endTimeUnixNano: "[end_time]"
            attributes:
              - key: apollo.subgraph.name
                value:
                  stringValue: products
              - key: graphql.operation.name
                value:
                  stringValue: ""
            droppedAttributesCount: 0
            events: []
            droppedEventsCount: 0
            links: []
            droppedLinksCount: 0
            status:
              message: ""
              code: 0
        schemaUrl: ""
    schemaUrl: ""
  - resource:
      attributes:
        - key: apollo.client.host
          value: "[redacted]"
        - key: apollo.client.uname
          value: "[redacted]"
        - key: apollo.graph.ref
          value: "[redacted]"
        - key: apollo.router.id
          value: "[redacted]"
        - key: apollo.schema.id
          value: "[redacted]"
        - key: apollo.user.agent
          value: "[redacted]"
      droppedAttributesCount: 0
    scopeSpans:
      - scope:
          name: apollo-router
          version: apollo-router@1.46.0
          attributes: []
          droppedAttributesCount: 0
        spans:
          - traceId: "[trace_id]"
            spanId: "[span_id]"
            traceState: ""
            parentSpanId: "[span_id]"
            flags: 0
            name: http_request
            kind: 3
            startTimeUnixNano: "[start_time]"
            endTimeUnixNano: "[end_time]"
            attributes: []
            droppedAttributesCount: 0
            events: []
            droppedEventsCount: 0
            links: []
            droppedLinksCount: 0
            status:
              message: ""
              code: 0
        schemaUrl: ""
    schemaUrl: ""
  - resource:
      attributes:
        - key: apollo.client.host
          value: "[redacted]"
        - key: apollo.client.uname
          value: "[redacted]"
        - key: apollo.graph.ref
          value: "[redacted]"
        - key: apollo.router.id
          value: "[redacted]"
        - key: apollo.schema.id
          value: "[redacted]"
        - key: apollo.user.agent
          value: "[redacted]"
      droppedAttributesCount: 0
    scopeSpans:
      - scope:
          name: apollo-router
          version: apollo-router@1.46.0
          attributes: []
          droppedAttributesCount: 0
        spans:
          - traceId: "[trace_id]"
            spanId: "[span_id]"
            traceState: ""
            parentSpanId: "[span_id]"
            flags: 0
            name: flatten
            kind: 1
            startTimeUnixNano: "[start_time]"
            endTimeUnixNano: "[end_time]"
            attributes:
              - key: graphql.path
                value:
                  stringValue: /topProducts/@
            droppedAttributesCount: 0
            events: []
            droppedEventsCount: 0
            links: []
            droppedLinksCount: 0
            status:
              message: ""
              code: 0
        schemaUrl: ""
    schemaUrl: ""
  - resource:
      attributes:
        - key: apollo.client.host
          value: "[redacted]"
        - key: apollo.client.uname
          value: "[redacted]"
        - key: apollo.graph.ref
          value: "[redacted]"
        - key: apollo.router.id
          value: "[redacted]"
        - key: apollo.schema.id
          value: "[redacted]"
        - key: apollo.user.agent
          value: "[redacted]"
      droppedAttributesCount: 0
    scopeSpans:
      - scope:
          name: apollo-router
          version: apollo-router@1.46.0
          attributes: []
          droppedAttributesCount: 0
        spans:
          - traceId: "[trace_id]"
            spanId: "[span_id]"
            traceState: ""
            parentSpanId: "[span_id]"
            flags: 0
            name: fetch
            kind: 1
            startTimeUnixNano: "[start_time]"
            endTimeUnixNano: "[end_time]"
            attributes:
              - key: apollo.subgraph.name
                value:
                  stringValue: reviews
              - key: apollo_private.sent_time_offset
                value:
                  intValue: 14027658167
            droppedAttributesCount: 0
            events: []
            droppedEventsCount: 0
            links: []
            droppedLinksCount: 0
            status:
              message: ""
              code: 0
        schemaUrl: ""
    schemaUrl: ""
  - resource:
      attributes:
        - key: apollo.client.host
          value: "[redacted]"
        - key: apollo.client.uname
          value: "[redacted]"
        - key: apollo.graph.ref
          value: "[redacted]"
        - key: apollo.router.id
          value: "[redacted]"
        - key: apollo.schema.id
          value: "[redacted]"
        - key: apollo.user.agent
          value: "[redacted]"
      droppedAttributesCount: 0
    scopeSpans:
      - scope:
          name: apollo-router
          version: apollo-router@1.46.0
          attributes: []
          droppedAttributesCount: 0
        spans:
          - traceId: "[trace_id]"
            spanId: "[span_id]"
            traceState: ""
            parentSpanId: "[span_id]"
            flags: 0
            name: subgraph
            kind: 1
            startTimeUnixNano: "[start_time]"
            endTimeUnixNano: "[end_time]"
            attributes:
              - key: apollo.subgraph.name
                value:
                  stringValue: reviews
              - key: apollo_private.ftv1
                value:
                  stringValue: GgwIxvevsgYQwILzhwEiDAjG96+yBhDAgvOHAVjwnhRynQNimgMKCV9lbnRpdGllcxoKW19FbnRpdHldIUDXyglI7LQSYqMBEABingEKB3Jldmlld3MaCFtSZXZpZXddQM+wDEik6QxiOxAAYjcKBmF1dGhvchoEVXNlckDKvQ1Iyc4NYhcKAmlkGgNJRCFA3csOSJfmDmoEVXNlcmoGUmV2aWV3YjsQAWI3CgZhdXRob3IaBFVzZXJA954PSOWoD2IXCgJpZBoDSUQhQKnMD0jJ2g9qBFVzZXJqBlJldmlld2oHUHJvZHVjdGJlEAFiYQoHcmV2aWV3cxoIW1Jldmlld11AlIoQSIibEGI7EABiNwoGYXV0aG9yGgRVc2VyQJ/AEEisyhBiFwoCaWQaA0lEIUD29BBI44IRagRVc2VyagZSZXZpZXdqB1Byb2R1Y3RiZRACYmEKB3Jldmlld3MaCFtSZXZpZXddQMOyEUi4vxFiOxAAYjcKBmF1dGhvchoEVXNlckDR5RFI3e8RYhcKAmlkGgNJRCFAkZASSKSdEmoEVXNlcmoGUmV2aWV3agdQcm9kdWN0agVRdWVyefkBAAAAAAAA8D8=
              - key: graphql.operation.name
                value:
                  stringValue: ""
            droppedAttributesCount: 0
            events: []
            droppedEventsCount: 0
            links: []
            droppedLinksCount: 0
            status:
              message: ""
              code: 0
        schemaUrl: ""
    schemaUrl: ""
  - resource:
      attributes:
        - key: apollo.client.host
          value: "[redacted]"
        - key: apollo.client.uname
          value: "[redacted]"
        - key: apollo.graph.ref
          value: "[redacted]"
        - key: apollo.router.id
          value: "[redacted]"
        - key: apollo.schema.id
          value: "[redacted]"
        - key: apollo.user.agent
          value: "[redacted]"
      droppedAttributesCount: 0
    scopeSpans:
      - scope:
          name: apollo-router
          version: apollo-router@1.46.0
          attributes: []
          droppedAttributesCount: 0
        spans:
          - traceId: "[trace_id]"
            spanId: "[span_id]"
            traceState: ""
            parentSpanId: "[span_id]"
            flags: 0
            name: rhai_plugin
            kind: 1
            startTimeUnixNano: "[start_time]"
            endTimeUnixNano: "[end_time]"
            attributes: []
            droppedAttributesCount: 0
            events: []
            droppedEventsCount: 0
            links: []
            droppedLinksCount: 0
            status:
              message: ""
              code: 0
        schemaUrl: ""
    schemaUrl: ""
  - resource:
      attributes:
        - key: apollo.client.host
          value: "[redacted]"
        - key: apollo.client.uname
          value: "[redacted]"
        - key: apollo.graph.ref
          value: "[redacted]"
        - key: apollo.router.id
          value: "[redacted]"
        - key: apollo.schema.id
          value: "[redacted]"
        - key: apollo.user.agent
          value: "[redacted]"
      droppedAttributesCount: 0
    scopeSpans:
      - scope:
          name: apollo-router
          version: apollo-router@1.46.0
          attributes: []
          droppedAttributesCount: 0
        spans:
          - traceId: "[trace_id]"
            spanId: "[span_id]"
            traceState: ""
            parentSpanId: "[span_id]"
            flags: 0
            name: subgraph_request
            kind: 3
            startTimeUnixNano: "[start_time]"
            endTimeUnixNano: "[end_time]"
            attributes:
              - key: apollo.subgraph.name
                value:
                  stringValue: reviews
              - key: graphql.operation.name
                value:
                  stringValue: ""
            droppedAttributesCount: 0
            events: []
            droppedEventsCount: 0
            links: []
            droppedLinksCount: 0
            status:
              message: ""
              code: 0
        schemaUrl: ""
    schemaUrl: ""
  - resource:
      attributes:
        - key: apollo.client.host
          value: "[redacted]"
        - key: apollo.client.uname
          value: "[redacted]"
        - key: apollo.graph.ref
          value: "[redacted]"
        - key: apollo.router.id
          value: "[redacted]"
        - key: apollo.schema.id
          value: "[redacted]"
        - key: apollo.user.agent
          value: "[redacted]"
      droppedAttributesCount: 0
    scopeSpans:
      - scope:
          name: apollo-router
          version: apollo-router@1.46.0
          attributes: []
          droppedAttributesCount: 0
        spans:
          - traceId: "[trace_id]"
            spanId: "[span_id]"
            traceState: ""
            parentSpanId: "[span_id]"
            flags: 0
            name: http_request
            kind: 3
            startTimeUnixNano: "[start_time]"
            endTimeUnixNano: "[end_time]"
            attributes: []
            droppedAttributesCount: 0
            events: []
            droppedEventsCount: 0
            links: []
            droppedLinksCount: 0
            status:
              message: ""
              code: 0
        schemaUrl: ""
    schemaUrl: ""
  - resource:
      attributes:
        - key: apollo.client.host
          value: "[redacted]"
        - key: apollo.client.uname
          value: "[redacted]"
        - key: apollo.graph.ref
          value: "[redacted]"
        - key: apollo.router.id
          value: "[redacted]"
        - key: apollo.schema.id
          value: "[redacted]"
        - key: apollo.user.agent
          value: "[redacted]"
      droppedAttributesCount: 0
    scopeSpans:
      - scope:
          name: apollo-router
          version: apollo-router@1.46.0
          attributes: []
          droppedAttributesCount: 0
        spans:
          - traceId: "[trace_id]"
            spanId: "[span_id]"
            traceState: ""
            parentSpanId: "[span_id]"
            flags: 0
            name: flatten
            kind: 1
            startTimeUnixNano: "[start_time]"
            endTimeUnixNano: "[end_time]"
            attributes:
              - key: graphql.path
                value:
                  stringValue: /topProducts/@/reviews/@/author
            droppedAttributesCount: 0
            events: []
            droppedEventsCount: 0
            links: []
            droppedLinksCount: 0
            status:
              message: ""
              code: 0
        schemaUrl: ""
    schemaUrl: ""
  - resource:
      attributes:
        - key: apollo.client.host
          value: "[redacted]"
        - key: apollo.client.uname
          value: "[redacted]"
        - key: apollo.graph.ref
          value: "[redacted]"
        - key: apollo.router.id
          value: "[redacted]"
        - key: apollo.schema.id
          value: "[redacted]"
        - key: apollo.user.agent
          value: "[redacted]"
      droppedAttributesCount: 0
    scopeSpans:
      - scope:
          name: apollo-router
          version: apollo-router@1.46.0
          attributes: []
          droppedAttributesCount: 0
        spans:
          - traceId: "[trace_id]"
            spanId: "[span_id]"
            traceState: ""
            parentSpanId: "[span_id]"
            flags: 0
            name: fetch
            kind: 1
            startTimeUnixNano: "[start_time]"
            endTimeUnixNano: "[end_time]"
            attributes:
              - key: apollo.subgraph.name
                value:
                  stringValue: accounts
              - key: apollo_private.sent_time_offset
                value:
                  intValue: 14421886542
            droppedAttributesCount: 0
            events: []
            droppedEventsCount: 0
            links: []
            droppedLinksCount: 0
            status:
              message: ""
              code: 0
        schemaUrl: ""
    schemaUrl: ""
  - resource:
      attributes:
        - key: apollo.client.host
          value: "[redacted]"
        - key: apollo.client.uname
          value: "[redacted]"
        - key: apollo.graph.ref
          value: "[redacted]"
        - key: apollo.router.id
          value: "[redacted]"
        - key: apollo.schema.id
          value: "[redacted]"
        - key: apollo.user.agent
          value: "[redacted]"
      droppedAttributesCount: 0
    scopeSpans:
      - scope:
          name: apollo-router
          version: apollo-router@1.46.0
          attributes: []
          droppedAttributesCount: 0
        spans:
          - traceId: "[trace_id]"
            spanId: "[span_id]"
            traceState: ""
            parentSpanId: "[span_id]"
            flags: 0
            name: subgraph
            kind: 1
            startTimeUnixNano: "[start_time]"
            endTimeUnixNano: "[end_time]"
            attributes:
              - key: apollo.subgraph.name
                value:
                  stringValue: accounts
              - key: apollo_private.ftv1
                value:
                  stringValue: GgwIxvevsgYQgODhyQMiDAjG96+yBhCA4OHJA1iRqw9ybGJqCglfZW50aXRpZXMaCltfRW50aXR5XSFA0KgJSLblDWIgEABiHAoEbmFtZRoGU3RyaW5nQMuhDEig5wxqBFVzZXJiIBABYhwKBG5hbWUaBlN0cmluZ0DMow1Io8INagRVc2VyagVRdWVyefkBAAAAAAAA8D8=
              - key: graphql.operation.name
                value:
                  stringValue: ""
            droppedAttributesCount: 0
            events: []
            droppedEventsCount: 0
            links: []
            droppedLinksCount: 0
            status:
              message: ""
              code: 0
        schemaUrl: ""
    schemaUrl: ""
  - resource:
      attributes:
        - key: apollo.client.host
          value: "[redacted]"
        - key: apollo.client.uname
          value: "[redacted]"
        - key: apollo.graph.ref
          value: "[redacted]"
        - key: apollo.router.id
          value: "[redacted]"
        - key: apollo.schema.id
          value: "[redacted]"
        - key: apollo.user.agent
          value: "[redacted]"
      droppedAttributesCount: 0
    scopeSpans:
      - scope:
          name: apollo-router
          version: apollo-router@1.46.0
          attributes: []
          droppedAttributesCount: 0
        spans:
          - traceId: "[trace_id]"
            spanId: "[span_id]"
            traceState: ""
            parentSpanId: "[span_id]"
            flags: 0
            name: rhai_plugin
            kind: 1
            startTimeUnixNano: "[start_time]"
            endTimeUnixNano: "[end_time]"
            attributes: []
            droppedAttributesCount: 0
            events: []
            droppedEventsCount: 0
            links: []
            droppedLinksCount: 0
            status:
              message: ""
              code: 0
        schemaUrl: ""
    schemaUrl: ""
  - resource:
      attributes:
        - key: apollo.client.host
          value: "[redacted]"
        - key: apollo.client.uname
          value: "[redacted]"
        - key: apollo.graph.ref
          value: "[redacted]"
        - key: apollo.router.id
          value: "[redacted]"
        - key: apollo.schema.id
          value: "[redacted]"
        - key: apollo.user.agent
          value: "[redacted]"
      droppedAttributesCount: 0
    scopeSpans:
      - scope:
          name: apollo-router
          version: apollo-router@1.46.0
          attributes: []
          droppedAttributesCount: 0
        spans:
          - traceId: "[trace_id]"
            spanId: "[span_id]"
            traceState: ""
            parentSpanId: "[span_id]"
            flags: 0
            name: subgraph_request
            kind: 3
            startTimeUnixNano: "[start_time]"
            endTimeUnixNano: "[end_time]"
            attributes:
              - key: apollo.subgraph.name
                value:
                  stringValue: accounts
              - key: graphql.operation.name
                value:
                  stringValue: ""
            droppedAttributesCount: 0
            events: []
            droppedEventsCount: 0
            links: []
            droppedLinksCount: 0
            status:
              message: ""
              code: 0
        schemaUrl: ""
    schemaUrl: ""
  - resource:
      attributes:
        - key: apollo.client.host
          value: "[redacted]"
        - key: apollo.client.uname
          value: "[redacted]"
        - key: apollo.graph.ref
          value: "[redacted]"
        - key: apollo.router.id
          value: "[redacted]"
        - key: apollo.schema.id
          value: "[redacted]"
        - key: apollo.user.agent
          value: "[redacted]"
      droppedAttributesCount: 0
    scopeSpans:
      - scope:
          name: apollo-router
          version: apollo-router@1.46.0
          attributes: []
          droppedAttributesCount: 0
        spans:
          - traceId: "[trace_id]"
            spanId: "[span_id]"
            traceState: ""
            parentSpanId: "[span_id]"
            flags: 0
            name: http_request
            kind: 3
            startTimeUnixNano: "[start_time]"
            endTimeUnixNano: "[end_time]"
            attributes: []
            droppedAttributesCount: 0
            events: []
            droppedEventsCount: 0
            links: []
            droppedLinksCount: 0
            status:
              message: ""
              code: 0
        schemaUrl: ""
    schemaUrl: ""
