---
source: apollo-router/tests/apollo_otel_traces.rs
expression: report
---
resourceSpans:
  - resource:
      attributes:
        - key: apollo.client.host
          value: "[redacted]"
        - key: apollo.client.uname
          value: "[redacted]"
        - key: apollo.graph.ref
          value: "[redacted]"
        - key: apollo.router.id
          value: "[redacted]"
        - key: apollo.schema.id
          value: "[redacted]"
        - key: apollo.user.agent
          value: "[redacted]"
      droppedAttributesCount: 0
    scopeSpans:
      - scope:
          name: apollo-router
          version: apollo-router@1.46.0
          attributes: []
          droppedAttributesCount: 0
        spans:
          - traceId: "[trace_id]"
            spanId: "[span_id]"
            traceState: ""
            parentSpanId: "[span_id]"
            flags: 0
            name: query
            kind: 2
            startTimeUnixNano: "[start_time]"
            endTimeUnixNano: "[end_time]"
            attributes:
              - key: apollo_private.request
                value:
                  boolValue: true
              - key: graphql.operation.type
                value:
                  stringValue: query
              - key: http.request.method
                value:
                  stringValue: POST
            droppedAttributesCount: 0
            events: []
            droppedEventsCount: 0
            links: []
            droppedLinksCount: 0
            status:
              message: ""
              code: 0
        schemaUrl: ""
    schemaUrl: ""
  - resource:
      attributes:
        - key: apollo.client.host
          value: "[redacted]"
        - key: apollo.client.uname
          value: "[redacted]"
        - key: apollo.graph.ref
          value: "[redacted]"
        - key: apollo.router.id
          value: "[redacted]"
        - key: apollo.schema.id
          value: "[redacted]"
        - key: apollo.user.agent
          value: "[redacted]"
      droppedAttributesCount: 0
    scopeSpans:
      - scope:
          name: apollo-router
          version: apollo-router@1.46.0
          attributes: []
          droppedAttributesCount: 0
        spans:
          - traceId: "[trace_id]"
            spanId: "[span_id]"
            traceState: ""
            parentSpanId: "[span_id]"
            flags: 0
            name: router
            kind: 1
            startTimeUnixNano: "[start_time]"
            endTimeUnixNano: "[end_time]"
            attributes:
              - key: apollo_private.duration_ns
                value:
                  intValue: 1404612959
              - key: apollo_private.http.request_headers
                value:
                  stringValue: "{}"
              - key: apollo_private.http.response_headers
                value:
                  stringValue: "{\"my_trace_id\":[\"f9554aef9565d4c1d6a8d50efa2fee43\"]}"
              - key: client.name
                value:
                  stringValue: ""
              - key: client.version
                value:
                  stringValue: ""
              - key: http.request.method
                value:
                  stringValue: POST
              - key: http.response.status_code
                value:
                  intValue: 200
              - key: trace_id
                value:
                  stringValue: f9554aef9565d4c1d6a8d50efa2fee43
            droppedAttributesCount: 0
            events: []
            droppedEventsCount: 0
            links: []
            droppedLinksCount: 0
            status:
              message: ""
              code: 0
        schemaUrl: ""
    schemaUrl: ""
  - resource:
      attributes:
        - key: apollo.client.host
          value: "[redacted]"
        - key: apollo.client.uname
          value: "[redacted]"
        - key: apollo.graph.ref
          value: "[redacted]"
        - key: apollo.router.id
          value: "[redacted]"
        - key: apollo.schema.id
          value: "[redacted]"
        - key: apollo.user.agent
          value: "[redacted]"
      droppedAttributesCount: 0
    scopeSpans:
      - scope:
          name: apollo-router
          version: apollo-router@1.46.0
          attributes: []
          droppedAttributesCount: 0
        spans:
          - traceId: "[trace_id]"
            spanId: "[span_id]"
            traceState: ""
            parentSpanId: "[span_id]"
            flags: 0
            name: rhai_plugin
            kind: 1
            startTimeUnixNano: "[start_time]"
            endTimeUnixNano: "[end_time]"
            attributes: []
            droppedAttributesCount: 0
            events: []
            droppedEventsCount: 0
            links: []
            droppedLinksCount: 0
            status:
              message: ""
              code: 0
        schemaUrl: ""
    schemaUrl: ""
  - resource:
      attributes:
        - key: apollo.client.host
          value: "[redacted]"
        - key: apollo.client.uname
          value: "[redacted]"
        - key: apollo.graph.ref
          value: "[redacted]"
        - key: apollo.router.id
          value: "[redacted]"
        - key: apollo.schema.id
          value: "[redacted]"
        - key: apollo.user.agent
          value: "[redacted]"
      droppedAttributesCount: 0
    scopeSpans:
      - scope:
          name: apollo-router
          version: apollo-router@1.46.0
          attributes: []
          droppedAttributesCount: 0
        spans:
          - traceId: "[trace_id]"
            spanId: "[span_id]"
            traceState: ""
            parentSpanId: "[span_id]"
            flags: 0
            name: parse_query
            kind: 1
            startTimeUnixNano: "[start_time]"
            endTimeUnixNano: "[end_time]"
            attributes: []
            droppedAttributesCount: 0
            events: []
            droppedEventsCount: 0
            links: []
            droppedLinksCount: 0
            status:
              message: ""
              code: 0
        schemaUrl: ""
    schemaUrl: ""
  - resource:
      attributes:
        - key: apollo.client.host
          value: "[redacted]"
        - key: apollo.client.uname
          value: "[redacted]"
        - key: apollo.graph.ref
          value: "[redacted]"
        - key: apollo.router.id
          value: "[redacted]"
        - key: apollo.schema.id
          value: "[redacted]"
        - key: apollo.user.agent
          value: "[redacted]"
      droppedAttributesCount: 0
    scopeSpans:
      - scope:
          name: apollo-router
          version: apollo-router@1.46.0
          attributes: []
          droppedAttributesCount: 0
        spans:
          - traceId: "[trace_id]"
            spanId: "[span_id]"
            traceState: ""
            parentSpanId: "[span_id]"
            flags: 0
            name: supergraph
            kind: 1
            startTimeUnixNano: "[start_time]"
            endTimeUnixNano: "[end_time]"
            attributes:
              - key: apollo_private.graphql.variables
                value:
                  stringValue: "{}"
              - key: apollo_private.operation_signature
                value:
                  stringValue: "# -\n{topProducts{name reviews{author{name}}reviews{author{name}}}}"
            droppedAttributesCount: 0
            events: []
            droppedEventsCount: 0
            links: []
            droppedLinksCount: 0
            status:
              message: ""
              code: 0
        schemaUrl: ""
    schemaUrl: ""
  - resource:
      attributes:
        - key: apollo.client.host
          value: "[redacted]"
        - key: apollo.client.uname
          value: "[redacted]"
        - key: apollo.graph.ref
          value: "[redacted]"
        - key: apollo.router.id
          value: "[redacted]"
        - key: apollo.schema.id
          value: "[redacted]"
        - key: apollo.user.agent
          value: "[redacted]"
      droppedAttributesCount: 0
    scopeSpans:
      - scope:
          name: apollo-router
          version: apollo-router@1.46.0
          attributes: []
          droppedAttributesCount: 0
        spans:
          - traceId: "[trace_id]"
            spanId: "[span_id]"
            traceState: ""
            parentSpanId: "[span_id]"
            flags: 0
            name: rhai_plugin
            kind: 1
            startTimeUnixNano: "[start_time]"
            endTimeUnixNano: "[end_time]"
            attributes: []
            droppedAttributesCount: 0
            events: []
            droppedEventsCount: 0
            links: []
            droppedLinksCount: 0
            status:
              message: ""
              code: 0
        schemaUrl: ""
    schemaUrl: ""
  - resource:
      attributes:
        - key: apollo.client.host
          value: "[redacted]"
        - key: apollo.client.uname
          value: "[redacted]"
        - key: apollo.graph.ref
          value: "[redacted]"
        - key: apollo.router.id
          value: "[redacted]"
        - key: apollo.schema.id
          value: "[redacted]"
        - key: apollo.user.agent
          value: "[redacted]"
      droppedAttributesCount: 0
    scopeSpans:
      - scope:
          name: apollo-router
          version: apollo-router@1.46.0
          attributes: []
          droppedAttributesCount: 0
        spans:
          - traceId: "[trace_id]"
            spanId: "[span_id]"
            traceState: ""
            parentSpanId: "[span_id]"
            flags: 0
            name: query_planning
            kind: 1
            startTimeUnixNano: "[start_time]"
            endTimeUnixNano: "[end_time]"
            attributes: []
            droppedAttributesCount: 0
            events: []
            droppedEventsCount: 0
            links: []
            droppedLinksCount: 0
            status:
              message: ""
              code: 0
        schemaUrl: ""
    schemaUrl: ""
  - resource:
      attributes:
        - key: apollo.client.host
          value: "[redacted]"
        - key: apollo.client.uname
          value: "[redacted]"
        - key: apollo.graph.ref
          value: "[redacted]"
        - key: apollo.router.id
          value: "[redacted]"
        - key: apollo.schema.id
          value: "[redacted]"
        - key: apollo.user.agent
          value: "[redacted]"
      droppedAttributesCount: 0
    scopeSpans:
      - scope:
          name: apollo-router
          version: apollo-router@1.46.0
          attributes: []
          droppedAttributesCount: 0
        spans:
          - traceId: "[trace_id]"
            spanId: "[span_id]"
            traceState: ""
            parentSpanId: "[span_id]"
            flags: 0
            name: execution
            kind: 1
            startTimeUnixNano: "[start_time]"
            endTimeUnixNano: "[end_time]"
            attributes:
              - key: graphql.operation.type
                value:
                  stringValue: query
            droppedAttributesCount: 0
            events: []
            droppedEventsCount: 0
            links: []
            droppedLinksCount: 0
            status:
              message: ""
              code: 0
        schemaUrl: ""
    schemaUrl: ""
  - resource:
      attributes:
        - key: apollo.client.host
          value: "[redacted]"
        - key: apollo.client.uname
          value: "[redacted]"
        - key: apollo.graph.ref
          value: "[redacted]"
        - key: apollo.router.id
          value: "[redacted]"
        - key: apollo.schema.id
          value: "[redacted]"
        - key: apollo.user.agent
          value: "[redacted]"
      droppedAttributesCount: 0
    scopeSpans:
      - scope:
          name: apollo-router
          version: apollo-router@1.46.0
          attributes: []
          droppedAttributesCount: 0
        spans:
          - traceId: "[trace_id]"
            spanId: "[span_id]"
            traceState: ""
            parentSpanId: "[span_id]"
            flags: 0
            name: rhai_plugin
            kind: 1
            startTimeUnixNano: "[start_time]"
            endTimeUnixNano: "[end_time]"
            attributes: []
            droppedAttributesCount: 0
            events: []
            droppedEventsCount: 0
            links: []
            droppedLinksCount: 0
            status:
              message: ""
              code: 0
        schemaUrl: ""
    schemaUrl: ""
  - resource:
      attributes:
        - key: apollo.client.host
          value: "[redacted]"
        - key: apollo.client.uname
          value: "[redacted]"
        - key: apollo.graph.ref
          value: "[redacted]"
        - key: apollo.router.id
          value: "[redacted]"
        - key: apollo.schema.id
          value: "[redacted]"
        - key: apollo.user.agent
          value: "[redacted]"
      droppedAttributesCount: 0
    scopeSpans:
      - scope:
          name: apollo-router
          version: apollo-router@1.46.0
          attributes: []
          droppedAttributesCount: 0
        spans:
          - traceId: "[trace_id]"
            spanId: "[span_id]"
            traceState: ""
            parentSpanId: "[span_id]"
            flags: 0
            name: sequence
            kind: 1
            startTimeUnixNano: "[start_time]"
            endTimeUnixNano: "[end_time]"
            attributes: []
            droppedAttributesCount: 0
            events: []
            droppedEventsCount: 0
            links: []
            droppedLinksCount: 0
            status:
              message: ""
              code: 0
        schemaUrl: ""
    schemaUrl: ""
  - resource:
      attributes:
        - key: apollo.client.host
          value: "[redacted]"
        - key: apollo.client.uname
          value: "[redacted]"
        - key: apollo.graph.ref
          value: "[redacted]"
        - key: apollo.router.id
          value: "[redacted]"
        - key: apollo.schema.id
          value: "[redacted]"
        - key: apollo.user.agent
          value: "[redacted]"
      droppedAttributesCount: 0
    scopeSpans:
      - scope:
          name: apollo-router
          version: apollo-router@1.46.0
          attributes: []
          droppedAttributesCount: 0
        spans:
          - traceId: "[trace_id]"
            spanId: "[span_id]"
            traceState: ""
            parentSpanId: "[span_id]"
            flags: 0
            name: fetch
            kind: 1
            startTimeUnixNano: "[start_time]"
            endTimeUnixNano: "[end_time]"
            attributes:
              - key: apollo.subgraph.name
                value:
                  stringValue: products
              - key: apollo_private.sent_time_offset
                value:
                  intValue: 2319572958
            droppedAttributesCount: 0
            events: []
            droppedEventsCount: 0
            links: []
            droppedLinksCount: 0
            status:
              message: ""
              code: 0
        schemaUrl: ""
    schemaUrl: ""
  - resource:
      attributes:
        - key: apollo.client.host
          value: "[redacted]"
        - key: apollo.client.uname
          value: "[redacted]"
        - key: apollo.graph.ref
          value: "[redacted]"
        - key: apollo.router.id
          value: "[redacted]"
        - key: apollo.schema.id
          value: "[redacted]"
        - key: apollo.user.agent
          value: "[redacted]"
      droppedAttributesCount: 0
    scopeSpans:
      - scope:
          name: apollo-router
          version: apollo-router@1.46.0
          attributes: []
          droppedAttributesCount: 0
        spans:
          - traceId: "[trace_id]"
            spanId: "[span_id]"
            traceState: ""
            parentSpanId: "[span_id]"
            flags: 0
            name: subgraph
            kind: 1
            startTimeUnixNano: "[start_time]"
            endTimeUnixNano: "[end_time]"
            attributes:
              - key: apollo.subgraph.name
                value:
                  stringValue: products
              - key: apollo_private.ftv1
                value:
                  stringValue: GgwI2vevsgYQwMHJjgEiDAja96+yBhDAwcmOAViy6RRy/AFi+QEKC3RvcFByb2R1Y3RzGglbUHJvZHVjdF1AotoJSLi3C2JEEABiHwoDdXBjGgdTdHJpbmchQOzkDUietQ5qB1Byb2R1Y3RiHwoEbmFtZRoGU3RyaW5nQML+DkiIrA9qB1Byb2R1Y3RiRBABYh8KA3VwYxoHU3RyaW5nIUDaqhBIwuQQagdQcm9kdWN0Yh8KBG5hbWUaBlN0cmluZ0DMjBFIgMARagdQcm9kdWN0YkQQAmIfCgN1cGMaB1N0cmluZyFAkp4SSLbJEmoHUHJvZHVjdGIfCgRuYW1lGgZTdHJpbmdAiu8SSPKeE2oHUHJvZHVjdGoFUXVlcnn5AQAAAAAAAPA/
              - key: graphql.operation.name
                value:
                  stringValue: ""
            droppedAttributesCount: 0
            events: []
            droppedEventsCount: 0
            links: []
            droppedLinksCount: 0
            status:
              message: ""
              code: 0
        schemaUrl: ""
    schemaUrl: ""
  - resource:
      attributes:
        - key: apollo.client.host
          value: "[redacted]"
        - key: apollo.client.uname
          value: "[redacted]"
        - key: apollo.graph.ref
          value: "[redacted]"
        - key: apollo.router.id
          value: "[redacted]"
        - key: apollo.schema.id
          value: "[redacted]"
        - key: apollo.user.agent
          value: "[redacted]"
      droppedAttributesCount: 0
    scopeSpans:
      - scope:
          name: apollo-router
          version: apollo-router@1.46.0
          attributes: []
          droppedAttributesCount: 0
        spans:
          - traceId: "[trace_id]"
            spanId: "[span_id]"
            traceState: ""
            parentSpanId: "[span_id]"
            flags: 0
            name: rhai_plugin
            kind: 1
            startTimeUnixNano: "[start_time]"
            endTimeUnixNano: "[end_time]"
            attributes: []
            droppedAttributesCount: 0
            events: []
            droppedEventsCount: 0
            links: []
            droppedLinksCount: 0
            status:
              message: ""
              code: 0
        schemaUrl: ""
    schemaUrl: ""
  - resource:
      attributes:
        - key: apollo.client.host
          value: "[redacted]"
        - key: apollo.client.uname
          value: "[redacted]"
        - key: apollo.graph.ref
          value: "[redacted]"
        - key: apollo.router.id
          value: "[redacted]"
        - key: apollo.schema.id
          value: "[redacted]"
        - key: apollo.user.agent
          value: "[redacted]"
      droppedAttributesCount: 0
    scopeSpans:
      - scope:
          name: apollo-router
          version: apollo-router@1.46.0
          attributes: []
          droppedAttributesCount: 0
        spans:
          - traceId: "[trace_id]"
            spanId: "[span_id]"
            traceState: ""
            parentSpanId: "[span_id]"
            flags: 0
            name: subgraph_request
            kind: 3
            startTimeUnixNano: "[start_time]"
            endTimeUnixNano: "[end_time]"
            attributes:
              - key: apollo.subgraph.name
                value:
                  stringValue: products
              - key: graphql.operation.name
                value:
                  stringValue: ""
            droppedAttributesCount: 0
            events: []
            droppedEventsCount: 0
            links: []
            droppedLinksCount: 0
            status:
              message: ""
              code: 0
        schemaUrl: ""
    schemaUrl: ""
  - resource:
      attributes:
        - key: apollo.client.host
          value: "[redacted]"
        - key: apollo.client.uname
          value: "[redacted]"
        - key: apollo.graph.ref
          value: "[redacted]"
        - key: apollo.router.id
          value: "[redacted]"
        - key: apollo.schema.id
          value: "[redacted]"
        - key: apollo.user.agent
          value: "[redacted]"
      droppedAttributesCount: 0
    scopeSpans:
      - scope:
          name: apollo-router
          version: apollo-router@1.46.0
          attributes: []
          droppedAttributesCount: 0
        spans:
          - traceId: "[trace_id]"
            spanId: "[span_id]"
            traceState: ""
            parentSpanId: "[span_id]"
            flags: 0
            name: http_request
            kind: 3
            startTimeUnixNano: "[start_time]"
            endTimeUnixNano: "[end_time]"
            attributes: []
            droppedAttributesCount: 0
            events: []
            droppedEventsCount: 0
            links: []
            droppedLinksCount: 0
            status:
              message: ""
              code: 0
        schemaUrl: ""
    schemaUrl: ""
  - resource:
      attributes:
        - key: apollo.client.host
          value: "[redacted]"
        - key: apollo.client.uname
          value: "[redacted]"
        - key: apollo.graph.ref
          value: "[redacted]"
        - key: apollo.router.id
          value: "[redacted]"
        - key: apollo.schema.id
          value: "[redacted]"
        - key: apollo.user.agent
          value: "[redacted]"
      droppedAttributesCount: 0
    scopeSpans:
      - scope:
          name: apollo-router
          version: apollo-router@1.46.0
          attributes: []
          droppedAttributesCount: 0
        spans:
          - traceId: "[trace_id]"
            spanId: "[span_id]"
            traceState: ""
            parentSpanId: "[span_id]"
            flags: 0
            name: flatten
            kind: 1
            startTimeUnixNano: "[start_time]"
            endTimeUnixNano: "[end_time]"
            attributes:
              - key: graphql.path
                value:
                  stringValue: /topProducts/@
            droppedAttributesCount: 0
            events: []
            droppedEventsCount: 0
            links: []
            droppedLinksCount: 0
            status:
              message: ""
              code: 0
        schemaUrl: ""
    schemaUrl: ""
  - resource:
      attributes:
        - key: apollo.client.host
          value: "[redacted]"
        - key: apollo.client.uname
          value: "[redacted]"
        - key: apollo.graph.ref
          value: "[redacted]"
        - key: apollo.router.id
          value: "[redacted]"
        - key: apollo.schema.id
          value: "[redacted]"
        - key: apollo.user.agent
          value: "[redacted]"
      droppedAttributesCount: 0
    scopeSpans:
      - scope:
          name: apollo-router
          version: apollo-router@1.46.0
          attributes: []
          droppedAttributesCount: 0
        spans:
          - traceId: "[trace_id]"
            spanId: "[span_id]"
            traceState: ""
            parentSpanId: "[span_id]"
            flags: 0
            name: fetch
            kind: 1
            startTimeUnixNano: "[start_time]"
            endTimeUnixNano: "[end_time]"
            attributes:
              - key: apollo.subgraph.name
                value:
                  stringValue: reviews
              - key: apollo_private.sent_time_offset
                value:
                  intValue: 2410659292
            droppedAttributesCount: 0
            events: []
            droppedEventsCount: 0
            links: []
            droppedLinksCount: 0
            status:
              message: ""
              code: 0
        schemaUrl: ""
    schemaUrl: ""
  - resource:
      attributes:
        - key: apollo.client.host
          value: "[redacted]"
        - key: apollo.client.uname
          value: "[redacted]"
        - key: apollo.graph.ref
          value: "[redacted]"
        - key: apollo.router.id
          value: "[redacted]"
        - key: apollo.schema.id
          value: "[redacted]"
        - key: apollo.user.agent
          value: "[redacted]"
      droppedAttributesCount: 0
    scopeSpans:
      - scope:
          name: apollo-router
          version: apollo-router@1.46.0
          attributes: []
          droppedAttributesCount: 0
        spans:
          - traceId: "[trace_id]"
            spanId: "[span_id]"
            traceState: ""
            parentSpanId: "[span_id]"
            flags: 0
            name: subgraph
            kind: 1
            startTimeUnixNano: "[start_time]"
            endTimeUnixNano: "[end_time]"
            attributes:
              - key: apollo.subgraph.name
                value:
                  stringValue: reviews
              - key: apollo_private.ftv1
                value:
                  stringValue: GgwI2vevsgYQgJm2/gIiDAja96+yBhCAmbb+Aliw/BlynQNimgMKCV9lbnRpdGllcxoKW19FbnRpdHldIUCUlQ1IpNQXYqMBEABingEKB3Jldmlld3MaCFtSZXZpZXddQLqwEUjghBJiOxAAYjcKBmF1dGhvchoEVXNlckC47RJIuIsTYhcKAmlkGgNJRCFA3N4TSNSMFGoEVXNlcmoGUmV2aWV3YjsQAWI3CgZhdXRob3IaBFVzZXJAhroUSP7OFGIXCgJpZBoDSUQhQIzlFEiuhRVqBFVzZXJqBlJldmlld2oHUHJvZHVjdGJlEAFiYQoHcmV2aWV3cxoIW1Jldmlld11AjqcVSL61FWI7EABiNwoGYXV0aG9yGgRVc2VyQP7aFUjy4xViFwoCaWQaA0lEIUC2hhZIspMWagRVc2VyagZSZXZpZXdqB1Byb2R1Y3RiZRACYmEKB3Jldmlld3MaCFtSZXZpZXddQPjAFkjgzRZiOxAAYjcKBmF1dGhvchoEVXNlckC88hZIioYXYhcKAmlkGgNJRCFAspoXSPKmF2oEVXNlcmoGUmV2aWV3agdQcm9kdWN0agVRdWVyefkBAAAAAAAA8D8=
              - key: graphql.operation.name
                value:
                  stringValue: ""
            droppedAttributesCount: 0
            events: []
            droppedEventsCount: 0
            links: []
            droppedLinksCount: 0
            status:
              message: ""
              code: 0
        schemaUrl: ""
    schemaUrl: ""
  - resource:
      attributes:
        - key: apollo.client.host
          value: "[redacted]"
        - key: apollo.client.uname
          value: "[redacted]"
        - key: apollo.graph.ref
          value: "[redacted]"
        - key: apollo.router.id
          value: "[redacted]"
        - key: apollo.schema.id
          value: "[redacted]"
        - key: apollo.user.agent
          value: "[redacted]"
      droppedAttributesCount: 0
    scopeSpans:
      - scope:
          name: apollo-router
          version: apollo-router@1.46.0
          attributes: []
          droppedAttributesCount: 0
        spans:
          - traceId: "[trace_id]"
            spanId: "[span_id]"
            traceState: ""
            parentSpanId: "[span_id]"
            flags: 0
            name: rhai_plugin
            kind: 1
            startTimeUnixNano: "[start_time]"
            endTimeUnixNano: "[end_time]"
            attributes: []
            droppedAttributesCount: 0
            events: []
            droppedEventsCount: 0
            links: []
            droppedLinksCount: 0
            status:
              message: ""
              code: 0
        schemaUrl: ""
    schemaUrl: ""
  - resource:
      attributes:
        - key: apollo.client.host
          value: "[redacted]"
        - key: apollo.client.uname
          value: "[redacted]"
        - key: apollo.graph.ref
          value: "[redacted]"
        - key: apollo.router.id
          value: "[redacted]"
        - key: apollo.schema.id
          value: "[redacted]"
        - key: apollo.user.agent
          value: "[redacted]"
      droppedAttributesCount: 0
    scopeSpans:
      - scope:
          name: apollo-router
          version: apollo-router@1.46.0
          attributes: []
          droppedAttributesCount: 0
        spans:
          - traceId: "[trace_id]"
            spanId: "[span_id]"
            traceState: ""
            parentSpanId: "[span_id]"
            flags: 0
            name: subgraph_request
            kind: 3
            startTimeUnixNano: "[start_time]"
            endTimeUnixNano: "[end_time]"
            attributes:
              - key: apollo.subgraph.name
                value:
                  stringValue: reviews
              - key: graphql.operation.name
                value:
                  stringValue: ""
            droppedAttributesCount: 0
            events: []
            droppedEventsCount: 0
            links: []
            droppedLinksCount: 0
            status:
              message: ""
              code: 0
        schemaUrl: ""
    schemaUrl: ""
  - resource:
      attributes:
        - key: apollo.client.host
          value: "[redacted]"
        - key: apollo.client.uname
          value: "[redacted]"
        - key: apollo.graph.ref
          value: "[redacted]"
        - key: apollo.router.id
          value: "[redacted]"
        - key: apollo.schema.id
          value: "[redacted]"
        - key: apollo.user.agent
          value: "[redacted]"
      droppedAttributesCount: 0
    scopeSpans:
      - scope:
          name: apollo-router
          version: apollo-router@1.46.0
          attributes: []
          droppedAttributesCount: 0
        spans:
          - traceId: "[trace_id]"
            spanId: "[span_id]"
            traceState: ""
            parentSpanId: "[span_id]"
            flags: 0
            name: http_request
            kind: 3
            startTimeUnixNano: "[start_time]"
            endTimeUnixNano: "[end_time]"
            attributes: []
            droppedAttributesCount: 0
            events: []
            droppedEventsCount: 0
            links: []
            droppedLinksCount: 0
            status:
              message: ""
              code: 0
        schemaUrl: ""
    schemaUrl: ""
  - resource:
      attributes:
        - key: apollo.client.host
          value: "[redacted]"
        - key: apollo.client.uname
          value: "[redacted]"
        - key: apollo.graph.ref
          value: "[redacted]"
        - key: apollo.router.id
          value: "[redacted]"
        - key: apollo.schema.id
          value: "[redacted]"
        - key: apollo.user.agent
          value: "[redacted]"
      droppedAttributesCount: 0
    scopeSpans:
      - scope:
          name: apollo-router
          version: apollo-router@1.46.0
          attributes: []
          droppedAttributesCount: 0
        spans:
          - traceId: "[trace_id]"
            spanId: "[span_id]"
            traceState: ""
            parentSpanId: "[span_id]"
            flags: 0
            name: flatten
            kind: 1
            startTimeUnixNano: "[start_time]"
            endTimeUnixNano: "[end_time]"
            attributes:
              - key: graphql.path
                value:
                  stringValue: /topProducts/@/reviews/@/author
            droppedAttributesCount: 0
            events: []
            droppedEventsCount: 0
            links: []
            droppedLinksCount: 0
            status:
              message: ""
              code: 0
        schemaUrl: ""
    schemaUrl: ""
  - resource:
      attributes:
        - key: apollo.client.host
          value: "[redacted]"
        - key: apollo.client.uname
          value: "[redacted]"
        - key: apollo.graph.ref
          value: "[redacted]"
        - key: apollo.router.id
          value: "[redacted]"
        - key: apollo.schema.id
          value: "[redacted]"
        - key: apollo.user.agent
          value: "[redacted]"
      droppedAttributesCount: 0
    scopeSpans:
      - scope:
          name: apollo-router
          version: apollo-router@1.46.0
          attributes: []
          droppedAttributesCount: 0
        spans:
          - traceId: "[trace_id]"
            spanId: "[span_id]"
            traceState: ""
            parentSpanId: "[span_id]"
            flags: 0
            name: fetch
            kind: 1
            startTimeUnixNano: "[start_time]"
            endTimeUnixNano: "[end_time]"
            attributes:
              - key: apollo.subgraph.name
                value:
                  stringValue: accounts
              - key: apollo_private.sent_time_offset
                value:
                  intValue: 3064894167
            droppedAttributesCount: 0
            events: []
            droppedEventsCount: 0
            links: []
            droppedLinksCount: 0
            status:
              message: ""
              code: 0
        schemaUrl: ""
    schemaUrl: ""
  - resource:
      attributes:
        - key: apollo.client.host
          value: "[redacted]"
        - key: apollo.client.uname
          value: "[redacted]"
        - key: apollo.graph.ref
          value: "[redacted]"
        - key: apollo.router.id
          value: "[redacted]"
        - key: apollo.schema.id
          value: "[redacted]"
        - key: apollo.user.agent
          value: "[redacted]"
      droppedAttributesCount: 0
    scopeSpans:
      - scope:
          name: apollo-router
          version: apollo-router@1.46.0
          attributes: []
          droppedAttributesCount: 0
        spans:
          - traceId: "[trace_id]"
            spanId: "[span_id]"
            traceState: ""
            parentSpanId: "[span_id]"
            flags: 0
            name: subgraph
            kind: 1
            startTimeUnixNano: "[start_time]"
            endTimeUnixNano: "[end_time]"
            attributes:
              - key: apollo.subgraph.name
                value:
                  stringValue: accounts
              - key: apollo_private.ftv1
                value:
                  stringValue: GgwI2/evsgYQgJ+m3AEiDAjb96+yBhCAn6bcAVjB5A9ybGJqCglfZW50aXRpZXMaCltfRW50aXR5XSFA3OYISODHDWIgEABiHAoEbmFtZRoGU3RyaW5nQPy6C0i3iwxqBFVzZXJiIBABYhwKBG5hbWUaBlN0cmluZ0CO+gxI0ZgNagRVc2VyagVRdWVyefkBAAAAAAAA8D8=
              - key: graphql.operation.name
                value:
                  stringValue: ""
            droppedAttributesCount: 0
            events: []
            droppedEventsCount: 0
            links: []
            droppedLinksCount: 0
            status:
              message: ""
              code: 0
        schemaUrl: ""
    schemaUrl: ""
  - resource:
      attributes:
        - key: apollo.client.host
          value: "[redacted]"
        - key: apollo.client.uname
          value: "[redacted]"
        - key: apollo.graph.ref
          value: "[redacted]"
        - key: apollo.router.id
          value: "[redacted]"
        - key: apollo.schema.id
          value: "[redacted]"
        - key: apollo.user.agent
          value: "[redacted]"
      droppedAttributesCount: 0
    scopeSpans:
      - scope:
          name: apollo-router
          version: apollo-router@1.46.0
          attributes: []
          droppedAttributesCount: 0
        spans:
          - traceId: "[trace_id]"
            spanId: "[span_id]"
            traceState: ""
            parentSpanId: "[span_id]"
            flags: 0
            name: rhai_plugin
            kind: 1
            startTimeUnixNano: "[start_time]"
            endTimeUnixNano: "[end_time]"
            attributes: []
            droppedAttributesCount: 0
            events: []
            droppedEventsCount: 0
            links: []
            droppedLinksCount: 0
            status:
              message: ""
              code: 0
        schemaUrl: ""
    schemaUrl: ""
  - resource:
      attributes:
        - key: apollo.client.host
          value: "[redacted]"
        - key: apollo.client.uname
          value: "[redacted]"
        - key: apollo.graph.ref
          value: "[redacted]"
        - key: apollo.router.id
          value: "[redacted]"
        - key: apollo.schema.id
          value: "[redacted]"
        - key: apollo.user.agent
          value: "[redacted]"
      droppedAttributesCount: 0
    scopeSpans:
      - scope:
          name: apollo-router
          version: apollo-router@1.46.0
          attributes: []
          droppedAttributesCount: 0
        spans:
          - traceId: "[trace_id]"
            spanId: "[span_id]"
            traceState: ""
            parentSpanId: "[span_id]"
            flags: 0
            name: subgraph_request
            kind: 3
            startTimeUnixNano: "[start_time]"
            endTimeUnixNano: "[end_time]"
            attributes:
              - key: apollo.subgraph.name
                value:
                  stringValue: accounts
              - key: graphql.operation.name
                value:
                  stringValue: ""
            droppedAttributesCount: 0
            events: []
            droppedEventsCount: 0
            links: []
            droppedLinksCount: 0
            status:
              message: ""
              code: 0
        schemaUrl: ""
    schemaUrl: ""
  - resource:
      attributes:
        - key: apollo.client.host
          value: "[redacted]"
        - key: apollo.client.uname
          value: "[redacted]"
        - key: apollo.graph.ref
          value: "[redacted]"
        - key: apollo.router.id
          value: "[redacted]"
        - key: apollo.schema.id
          value: "[redacted]"
        - key: apollo.user.agent
          value: "[redacted]"
      droppedAttributesCount: 0
    scopeSpans:
      - scope:
          name: apollo-router
          version: apollo-router@1.46.0
          attributes: []
          droppedAttributesCount: 0
        spans:
          - traceId: "[trace_id]"
            spanId: "[span_id]"
            traceState: ""
            parentSpanId: "[span_id]"
            flags: 0
            name: http_request
            kind: 3
            startTimeUnixNano: "[start_time]"
            endTimeUnixNano: "[end_time]"
            attributes: []
            droppedAttributesCount: 0
            events: []
            droppedEventsCount: 0
            links: []
            droppedLinksCount: 0
            status:
              message: ""
              code: 0
        schemaUrl: ""
    schemaUrl: ""
