---
source: apollo-router/tests/apollo_otel_traces.rs
expression: report
---
resourceSpans:
  - resource:
      attributes:
        - key: apollo.client.host
          value: "[redacted]"
        - key: apollo.client.uname
          value: "[redacted]"
        - key: apollo.graph.ref
          value: "[redacted]"
        - key: apollo.router.id
          value: "[redacted]"
        - key: apollo.schema.id
          value: "[redacted]"
        - key: apollo.user.agent
          value: "[redacted]"
      droppedAttributesCount: 0
    scopeSpans:
      - scope:
          name: apollo-router
          version: apollo-router@1.46.0
          attributes: []
          droppedAttributesCount: 0
        spans:
          - traceId: "[trace_id]"
            spanId: "[span_id]"
            traceState: ""
            parentSpanId: "[span_id]"
            flags: 0
            name: query
            kind: 2
            startTimeUnixNano: "[start_time]"
            endTimeUnixNano: "[end_time]"
            attributes:
              - key: apollo_private.request
                value:
                  boolValue: true
              - key: graphql.operation.type
                value:
                  stringValue: query
              - key: http.request.method
                value:
                  stringValue: POST
            droppedAttributesCount: 0
            events: []
            droppedEventsCount: 0
            links: []
            droppedLinksCount: 0
            status:
              message: ""
              code: 0
        schemaUrl: ""
    schemaUrl: ""
  - resource:
      attributes:
        - key: apollo.client.host
          value: "[redacted]"
        - key: apollo.client.uname
          value: "[redacted]"
        - key: apollo.graph.ref
          value: "[redacted]"
        - key: apollo.router.id
          value: "[redacted]"
        - key: apollo.schema.id
          value: "[redacted]"
        - key: apollo.user.agent
          value: "[redacted]"
      droppedAttributesCount: 0
    scopeSpans:
      - scope:
          name: apollo-router
          version: apollo-router@1.46.0
          attributes: []
          droppedAttributesCount: 0
        spans:
          - traceId: "[trace_id]"
            spanId: "[span_id]"
            traceState: ""
            parentSpanId: "[span_id]"
            flags: 0
            name: router
            kind: 1
            startTimeUnixNano: "[start_time]"
            endTimeUnixNano: "[end_time]"
            attributes:
              - key: apollo_private.duration_ns
                value:
                  intValue: 816993542
              - key: apollo_private.http.request_headers
                value:
                  stringValue: "{}"
              - key: apollo_private.http.response_headers
                value:
                  stringValue: "{\"my_trace_id\":[\"ccdd9d8636cc6fdf914dadf50232d130\"]}"
              - key: client.name
                value:
                  stringValue: ""
              - key: client.version
                value:
                  stringValue: ""
              - key: http.request.method
                value:
                  stringValue: POST
              - key: http.response.status_code
                value:
                  intValue: 200
              - key: trace_id
                value:
                  stringValue: ccdd9d8636cc6fdf914dadf50232d130
            droppedAttributesCount: 0
            events: []
            droppedEventsCount: 0
            links: []
            droppedLinksCount: 0
            status:
              message: ""
              code: 0
        schemaUrl: ""
    schemaUrl: ""
  - resource:
      attributes:
        - key: apollo.client.host
          value: "[redacted]"
        - key: apollo.client.uname
          value: "[redacted]"
        - key: apollo.graph.ref
          value: "[redacted]"
        - key: apollo.router.id
          value: "[redacted]"
        - key: apollo.schema.id
          value: "[redacted]"
        - key: apollo.user.agent
          value: "[redacted]"
      droppedAttributesCount: 0
    scopeSpans:
      - scope:
          name: apollo-router
          version: apollo-router@1.46.0
          attributes: []
          droppedAttributesCount: 0
        spans:
          - traceId: "[trace_id]"
            spanId: "[span_id]"
            traceState: ""
            parentSpanId: "[span_id]"
            flags: 0
            name: rhai_plugin
            kind: 1
            startTimeUnixNano: "[start_time]"
            endTimeUnixNano: "[end_time]"
            attributes: []
            droppedAttributesCount: 0
            events: []
            droppedEventsCount: 0
            links: []
            droppedLinksCount: 0
            status:
              message: ""
              code: 0
        schemaUrl: ""
    schemaUrl: ""
  - resource:
      attributes:
        - key: apollo.client.host
          value: "[redacted]"
        - key: apollo.client.uname
          value: "[redacted]"
        - key: apollo.graph.ref
          value: "[redacted]"
        - key: apollo.router.id
          value: "[redacted]"
        - key: apollo.schema.id
          value: "[redacted]"
        - key: apollo.user.agent
          value: "[redacted]"
      droppedAttributesCount: 0
    scopeSpans:
      - scope:
          name: apollo-router
          version: apollo-router@1.46.0
          attributes: []
          droppedAttributesCount: 0
        spans:
          - traceId: "[trace_id]"
            spanId: "[span_id]"
            traceState: ""
            parentSpanId: "[span_id]"
            flags: 0
            name: parse_query
            kind: 1
            startTimeUnixNano: "[start_time]"
            endTimeUnixNano: "[end_time]"
            attributes: []
            droppedAttributesCount: 0
            events: []
            droppedEventsCount: 0
            links: []
            droppedLinksCount: 0
            status:
              message: ""
              code: 0
        schemaUrl: ""
    schemaUrl: ""
  - resource:
      attributes:
        - key: apollo.client.host
          value: "[redacted]"
        - key: apollo.client.uname
          value: "[redacted]"
        - key: apollo.graph.ref
          value: "[redacted]"
        - key: apollo.router.id
          value: "[redacted]"
        - key: apollo.schema.id
          value: "[redacted]"
        - key: apollo.user.agent
          value: "[redacted]"
      droppedAttributesCount: 0
    scopeSpans:
      - scope:
          name: apollo-router
          version: apollo-router@1.46.0
          attributes: []
          droppedAttributesCount: 0
        spans:
          - traceId: "[trace_id]"
            spanId: "[span_id]"
            traceState: ""
            parentSpanId: "[span_id]"
            flags: 0
            name: supergraph
            kind: 1
            startTimeUnixNano: "[start_time]"
            endTimeUnixNano: "[end_time]"
            attributes:
              - key: apollo_private.graphql.variables
                value:
                  stringValue: "{}"
              - key: apollo_private.operation_signature
                value:
                  stringValue: "# -\n{topProducts{name reviews{author{name}}reviews{author{name}}}}"
            droppedAttributesCount: 0
            events: []
            droppedEventsCount: 0
            links: []
            droppedLinksCount: 0
            status:
              message: ""
              code: 0
        schemaUrl: ""
    schemaUrl: ""
  - resource:
      attributes:
        - key: apollo.client.host
          value: "[redacted]"
        - key: apollo.client.uname
          value: "[redacted]"
        - key: apollo.graph.ref
          value: "[redacted]"
        - key: apollo.router.id
          value: "[redacted]"
        - key: apollo.schema.id
          value: "[redacted]"
        - key: apollo.user.agent
          value: "[redacted]"
      droppedAttributesCount: 0
    scopeSpans:
      - scope:
          name: apollo-router
          version: apollo-router@1.46.0
          attributes: []
          droppedAttributesCount: 0
        spans:
          - traceId: "[trace_id]"
            spanId: "[span_id]"
            traceState: ""
            parentSpanId: "[span_id]"
            flags: 0
            name: rhai_plugin
            kind: 1
            startTimeUnixNano: "[start_time]"
            endTimeUnixNano: "[end_time]"
            attributes: []
            droppedAttributesCount: 0
            events: []
            droppedEventsCount: 0
            links: []
            droppedLinksCount: 0
            status:
              message: ""
              code: 0
        schemaUrl: ""
    schemaUrl: ""
  - resource:
      attributes:
        - key: apollo.client.host
          value: "[redacted]"
        - key: apollo.client.uname
          value: "[redacted]"
        - key: apollo.graph.ref
          value: "[redacted]"
        - key: apollo.router.id
          value: "[redacted]"
        - key: apollo.schema.id
          value: "[redacted]"
        - key: apollo.user.agent
          value: "[redacted]"
      droppedAttributesCount: 0
    scopeSpans:
      - scope:
          name: apollo-router
          version: apollo-router@1.46.0
          attributes: []
          droppedAttributesCount: 0
        spans:
          - traceId: "[trace_id]"
            spanId: "[span_id]"
            traceState: ""
            parentSpanId: "[span_id]"
            flags: 0
            name: query_planning
            kind: 1
            startTimeUnixNano: "[start_time]"
            endTimeUnixNano: "[end_time]"
            attributes: []
            droppedAttributesCount: 0
            events: []
            droppedEventsCount: 0
            links: []
            droppedLinksCount: 0
            status:
              message: ""
              code: 0
        schemaUrl: ""
    schemaUrl: ""
  - resource:
      attributes:
        - key: apollo.client.host
          value: "[redacted]"
        - key: apollo.client.uname
          value: "[redacted]"
        - key: apollo.graph.ref
          value: "[redacted]"
        - key: apollo.router.id
          value: "[redacted]"
        - key: apollo.schema.id
          value: "[redacted]"
        - key: apollo.user.agent
          value: "[redacted]"
      droppedAttributesCount: 0
    scopeSpans:
      - scope:
          name: apollo-router
          version: apollo-router@1.46.0
          attributes: []
          droppedAttributesCount: 0
        spans:
          - traceId: "[trace_id]"
            spanId: "[span_id]"
            traceState: ""
            parentSpanId: "[span_id]"
            flags: 0
            name: execution
            kind: 1
            startTimeUnixNano: "[start_time]"
            endTimeUnixNano: "[end_time]"
            attributes:
              - key: graphql.operation.type
                value:
                  stringValue: query
            droppedAttributesCount: 0
            events: []
            droppedEventsCount: 0
            links: []
            droppedLinksCount: 0
            status:
              message: ""
              code: 0
        schemaUrl: ""
    schemaUrl: ""
  - resource:
      attributes:
        - key: apollo.client.host
          value: "[redacted]"
        - key: apollo.client.uname
          value: "[redacted]"
        - key: apollo.graph.ref
          value: "[redacted]"
        - key: apollo.router.id
          value: "[redacted]"
        - key: apollo.schema.id
          value: "[redacted]"
        - key: apollo.user.agent
          value: "[redacted]"
      droppedAttributesCount: 0
    scopeSpans:
      - scope:
          name: apollo-router
          version: apollo-router@1.46.0
          attributes: []
          droppedAttributesCount: 0
        spans:
          - traceId: "[trace_id]"
            spanId: "[span_id]"
            traceState: ""
            parentSpanId: "[span_id]"
            flags: 0
            name: rhai_plugin
            kind: 1
            startTimeUnixNano: "[start_time]"
            endTimeUnixNano: "[end_time]"
            attributes: []
            droppedAttributesCount: 0
            events: []
            droppedEventsCount: 0
            links: []
            droppedLinksCount: 0
            status:
              message: ""
              code: 0
        schemaUrl: ""
    schemaUrl: ""
  - resource:
      attributes:
        - key: apollo.client.host
          value: "[redacted]"
        - key: apollo.client.uname
          value: "[redacted]"
        - key: apollo.graph.ref
          value: "[redacted]"
        - key: apollo.router.id
          value: "[redacted]"
        - key: apollo.schema.id
          value: "[redacted]"
        - key: apollo.user.agent
          value: "[redacted]"
      droppedAttributesCount: 0
    scopeSpans:
      - scope:
          name: apollo-router
          version: apollo-router@1.46.0
          attributes: []
          droppedAttributesCount: 0
        spans:
          - traceId: "[trace_id]"
            spanId: "[span_id]"
            traceState: ""
            parentSpanId: "[span_id]"
            flags: 0
            name: sequence
            kind: 1
            startTimeUnixNano: "[start_time]"
            endTimeUnixNano: "[end_time]"
            attributes: []
            droppedAttributesCount: 0
            events: []
            droppedEventsCount: 0
            links: []
            droppedLinksCount: 0
            status:
              message: ""
              code: 0
        schemaUrl: ""
    schemaUrl: ""
  - resource:
      attributes:
        - key: apollo.client.host
          value: "[redacted]"
        - key: apollo.client.uname
          value: "[redacted]"
        - key: apollo.graph.ref
          value: "[redacted]"
        - key: apollo.router.id
          value: "[redacted]"
        - key: apollo.schema.id
          value: "[redacted]"
        - key: apollo.user.agent
          value: "[redacted]"
      droppedAttributesCount: 0
    scopeSpans:
      - scope:
          name: apollo-router
          version: apollo-router@1.46.0
          attributes: []
          droppedAttributesCount: 0
        spans:
          - traceId: "[trace_id]"
            spanId: "[span_id]"
            traceState: ""
            parentSpanId: "[span_id]"
            flags: 0
            name: fetch
            kind: 1
            startTimeUnixNano: "[start_time]"
            endTimeUnixNano: "[end_time]"
            attributes:
              - key: apollo.subgraph.name
                value:
                  stringValue: products
              - key: apollo_private.sent_time_offset
                value:
                  intValue: 14874422084
            droppedAttributesCount: 0
            events: []
            droppedEventsCount: 0
            links: []
            droppedLinksCount: 0
            status:
              message: ""
              code: 0
        schemaUrl: ""
    schemaUrl: ""
  - resource:
      attributes:
        - key: apollo.client.host
          value: "[redacted]"
        - key: apollo.client.uname
          value: "[redacted]"
        - key: apollo.graph.ref
          value: "[redacted]"
        - key: apollo.router.id
          value: "[redacted]"
        - key: apollo.schema.id
          value: "[redacted]"
        - key: apollo.user.agent
          value: "[redacted]"
      droppedAttributesCount: 0
    scopeSpans:
      - scope:
          name: apollo-router
          version: apollo-router@1.46.0
          attributes: []
          droppedAttributesCount: 0
        spans:
          - traceId: "[trace_id]"
            spanId: "[span_id]"
            traceState: ""
            parentSpanId: "[span_id]"
            flags: 0
            name: subgraph
            kind: 1
            startTimeUnixNano: "[start_time]"
            endTimeUnixNano: "[end_time]"
            attributes:
              - key: apollo.subgraph.name
                value:
                  stringValue: products
              - key: apollo_private.ftv1
                value:
                  stringValue: GgwIxPevsgYQgM+JigIiDAjE96+yBhDAysyJAlibzxxy/AFi+QEKC3RvcFByb2R1Y3RzGglbUHJvZHVjdF1AsYYQSOXeEWJEEABiHwoDdXBjGgdTdHJpbmchQK+6FEidlRVqB1Byb2R1Y3RiHwoEbmFtZRoGU3RyaW5nQJ/mFUj1mxZqB1Byb2R1Y3RiRBABYh8KA3VwYxoHU3RyaW5nIUD3qBdIleAXagdQcm9kdWN0Yh8KBG5hbWUaBlN0cmluZ0DpmRhI980YagdQcm9kdWN0YkQQAmIfCgN1cGMaB1N0cmluZyFAq7MZSO/zGWoHUHJvZHVjdGIfCgRuYW1lGgZTdHJpbmdA/54aSK/LGmoHUHJvZHVjdGoFUXVlcnn5AQAAAAAAAPA/
              - key: graphql.operation.name
                value:
                  stringValue: ""
            droppedAttributesCount: 0
            events: []
            droppedEventsCount: 0
            links: []
            droppedLinksCount: 0
            status:
              message: ""
              code: 0
        schemaUrl: ""
    schemaUrl: ""
  - resource:
      attributes:
        - key: apollo.client.host
          value: "[redacted]"
        - key: apollo.client.uname
          value: "[redacted]"
        - key: apollo.graph.ref
          value: "[redacted]"
        - key: apollo.router.id
          value: "[redacted]"
        - key: apollo.schema.id
          value: "[redacted]"
        - key: apollo.user.agent
          value: "[redacted]"
      droppedAttributesCount: 0
    scopeSpans:
      - scope:
          name: apollo-router
          version: apollo-router@1.46.0
          attributes: []
          droppedAttributesCount: 0
        spans:
          - traceId: "[trace_id]"
            spanId: "[span_id]"
            traceState: ""
            parentSpanId: "[span_id]"
            flags: 0
            name: rhai_plugin
            kind: 1
            startTimeUnixNano: "[start_time]"
            endTimeUnixNano: "[end_time]"
            attributes: []
            droppedAttributesCount: 0
            events: []
            droppedEventsCount: 0
            links: []
            droppedLinksCount: 0
            status:
              message: ""
              code: 0
        schemaUrl: ""
    schemaUrl: ""
  - resource:
      attributes:
        - key: apollo.client.host
          value: "[redacted]"
        - key: apollo.client.uname
          value: "[redacted]"
        - key: apollo.graph.ref
          value: "[redacted]"
        - key: apollo.router.id
          value: "[redacted]"
        - key: apollo.schema.id
          value: "[redacted]"
        - key: apollo.user.agent
          value: "[redacted]"
      droppedAttributesCount: 0
    scopeSpans:
      - scope:
          name: apollo-router
          version: apollo-router@1.46.0
          attributes: []
          droppedAttributesCount: 0
        spans:
          - traceId: "[trace_id]"
            spanId: "[span_id]"
            traceState: ""
            parentSpanId: "[span_id]"
            flags: 0
            name: subgraph_request
            kind: 3
            startTimeUnixNano: "[start_time]"
            endTimeUnixNano: "[end_time]"
            attributes:
              - key: apollo.subgraph.name
                value:
                  stringValue: products
              - key: graphql.operation.name
                value:
                  stringValue: ""
            droppedAttributesCount: 0
            events: []
            droppedEventsCount: 0
            links: []
            droppedLinksCount: 0
            status:
              message: ""
              code: 0
        schemaUrl: ""
    schemaUrl: ""
  - resource:
      attributes:
        - key: apollo.client.host
          value: "[redacted]"
        - key: apollo.client.uname
          value: "[redacted]"
        - key: apollo.graph.ref
          value: "[redacted]"
        - key: apollo.router.id
          value: "[redacted]"
        - key: apollo.schema.id
          value: "[redacted]"
        - key: apollo.user.agent
          value: "[redacted]"
      droppedAttributesCount: 0
    scopeSpans:
      - scope:
          name: apollo-router
          version: apollo-router@1.46.0
          attributes: []
          droppedAttributesCount: 0
        spans:
          - traceId: "[trace_id]"
            spanId: "[span_id]"
            traceState: ""
            parentSpanId: "[span_id]"
            flags: 0
            name: http_request
            kind: 3
            startTimeUnixNano: "[start_time]"
            endTimeUnixNano: "[end_time]"
            attributes: []
            droppedAttributesCount: 0
            events: []
            droppedEventsCount: 0
            links: []
            droppedLinksCount: 0
            status:
              message: ""
              code: 0
        schemaUrl: ""
    schemaUrl: ""
  - resource:
      attributes:
        - key: apollo.client.host
          value: "[redacted]"
        - key: apollo.client.uname
          value: "[redacted]"
        - key: apollo.graph.ref
          value: "[redacted]"
        - key: apollo.router.id
          value: "[redacted]"
        - key: apollo.schema.id
          value: "[redacted]"
        - key: apollo.user.agent
          value: "[redacted]"
      droppedAttributesCount: 0
    scopeSpans:
      - scope:
          name: apollo-router
          version: apollo-router@1.46.0
          attributes: []
          droppedAttributesCount: 0
        spans:
          - traceId: "[trace_id]"
            spanId: "[span_id]"
            traceState: ""
            parentSpanId: "[span_id]"
            flags: 0
            name: flatten
            kind: 1
            startTimeUnixNano: "[start_time]"
            endTimeUnixNano: "[end_time]"
            attributes:
              - key: graphql.path
                value:
                  stringValue: /topProducts/@
            droppedAttributesCount: 0
            events: []
            droppedEventsCount: 0
            links: []
            droppedLinksCount: 0
            status:
              message: ""
              code: 0
        schemaUrl: ""
    schemaUrl: ""
  - resource:
      attributes:
        - key: apollo.client.host
          value: "[redacted]"
        - key: apollo.client.uname
          value: "[redacted]"
        - key: apollo.graph.ref
          value: "[redacted]"
        - key: apollo.router.id
          value: "[redacted]"
        - key: apollo.schema.id
          value: "[redacted]"
        - key: apollo.user.agent
          value: "[redacted]"
      droppedAttributesCount: 0
    scopeSpans:
      - scope:
          name: apollo-router
          version: apollo-router@1.46.0
          attributes: []
          droppedAttributesCount: 0
        spans:
          - traceId: "[trace_id]"
            spanId: "[span_id]"
            traceState: ""
            parentSpanId: "[span_id]"
            flags: 0
            name: fetch
            kind: 1
            startTimeUnixNano: "[start_time]"
            endTimeUnixNano: "[end_time]"
            attributes:
              - key: apollo.subgraph.name
                value:
                  stringValue: reviews
              - key: apollo_private.sent_time_offset
                value:
                  intValue: 14960992792
            droppedAttributesCount: 0
            events: []
            droppedEventsCount: 0
            links: []
            droppedLinksCount: 0
            status:
              message: ""
              code: 0
        schemaUrl: ""
    schemaUrl: ""
  - resource:
      attributes:
        - key: apollo.client.host
          value: "[redacted]"
        - key: apollo.client.uname
          value: "[redacted]"
        - key: apollo.graph.ref
          value: "[redacted]"
        - key: apollo.router.id
          value: "[redacted]"
        - key: apollo.schema.id
          value: "[redacted]"
        - key: apollo.user.agent
          value: "[redacted]"
      droppedAttributesCount: 0
    scopeSpans:
      - scope:
          name: apollo-router
          version: apollo-router@1.46.0
          attributes: []
          droppedAttributesCount: 0
        spans:
          - traceId: "[trace_id]"
            spanId: "[span_id]"
            traceState: ""
            parentSpanId: "[span_id]"
            flags: 0
            name: subgraph
            kind: 1
            startTimeUnixNano: "[start_time]"
            endTimeUnixNano: "[end_time]"
            attributes:
              - key: apollo.subgraph.name
                value:
                  stringValue: reviews
              - key: apollo_private.ftv1
                value:
                  stringValue: GgwIxPevsgYQwOeW+QIiDAjE96+yBhDA55b5AljO3hNynQNimgMKCV9lbnRpdGllcxoKW19FbnRpdHldIUC3gglIv74RYqMBEABingEKB3Jldmlld3MaCFtSZXZpZXddQIvqC0jZowxiOxAAYjcKBmF1dGhvchoEVXNlckDp9gxI8YcNYhcKAmlkGgNJRCFA9NQNSKTvDWoEVXNlcmoGUmV2aWV3YjsQAWI3CgZhdXRob3IaBFVzZXJAiaYOSL6wDmIXCgJpZBoDSUQhQN7VDkj04w5qBFVzZXJqBlJldmlld2oHUHJvZHVjdGJlEAFiYQoHcmV2aWV3cxoIW1Jldmlld11Aq5MPSOOjD2I7EABiNwoGYXV0aG9yGgRVc2VyQMXLD0jv1Q9iFwoCaWQaA0lEIUDI+Q9I+4cQagRVc2VyagZSZXZpZXdqB1Byb2R1Y3RiZRACYmEKB3Jldmlld3MaCFtSZXZpZXddQJW3EEjuxBBiOxAAYjcKBmF1dGhvchoEVXNlckCy6BBI5/IQYhcKAmlkGgNJRCFApZMRSKSgEWoEVXNlcmoGUmV2aWV3agdQcm9kdWN0agVRdWVyefkBAAAAAAAA8D8=
              - key: graphql.operation.name
                value:
                  stringValue: ""
            droppedAttributesCount: 0
            events: []
            droppedEventsCount: 0
            links: []
            droppedLinksCount: 0
            status:
              message: ""
              code: 0
        schemaUrl: ""
    schemaUrl: ""
  - resource:
      attributes:
        - key: apollo.client.host
          value: "[redacted]"
        - key: apollo.client.uname
          value: "[redacted]"
        - key: apollo.graph.ref
          value: "[redacted]"
        - key: apollo.router.id
          value: "[redacted]"
        - key: apollo.schema.id
          value: "[redacted]"
        - key: apollo.user.agent
          value: "[redacted]"
      droppedAttributesCount: 0
    scopeSpans:
      - scope:
          name: apollo-router
          version: apollo-router@1.46.0
          attributes: []
          droppedAttributesCount: 0
        spans:
          - traceId: "[trace_id]"
            spanId: "[span_id]"
            traceState: ""
            parentSpanId: "[span_id]"
            flags: 0
            name: rhai_plugin
            kind: 1
            startTimeUnixNano: "[start_time]"
            endTimeUnixNano: "[end_time]"
            attributes: []
            droppedAttributesCount: 0
            events: []
            droppedEventsCount: 0
            links: []
            droppedLinksCount: 0
            status:
              message: ""
              code: 0
        schemaUrl: ""
    schemaUrl: ""
  - resource:
      attributes:
        - key: apollo.client.host
          value: "[redacted]"
        - key: apollo.client.uname
          value: "[redacted]"
        - key: apollo.graph.ref
          value: "[redacted]"
        - key: apollo.router.id
          value: "[redacted]"
        - key: apollo.schema.id
          value: "[redacted]"
        - key: apollo.user.agent
          value: "[redacted]"
      droppedAttributesCount: 0
    scopeSpans:
      - scope:
          name: apollo-router
          version: apollo-router@1.46.0
          attributes: []
          droppedAttributesCount: 0
        spans:
          - traceId: "[trace_id]"
            spanId: "[span_id]"
            traceState: ""
            parentSpanId: "[span_id]"
            flags: 0
            name: subgraph_request
            kind: 3
            startTimeUnixNano: "[start_time]"
            endTimeUnixNano: "[end_time]"
            attributes:
              - key: apollo.subgraph.name
                value:
                  stringValue: reviews
              - key: graphql.operation.name
                value:
                  stringValue: ""
            droppedAttributesCount: 0
            events: []
            droppedEventsCount: 0
            links: []
            droppedLinksCount: 0
            status:
              message: ""
              code: 0
        schemaUrl: ""
    schemaUrl: ""
  - resource:
      attributes:
        - key: apollo.client.host
          value: "[redacted]"
        - key: apollo.client.uname
          value: "[redacted]"
        - key: apollo.graph.ref
          value: "[redacted]"
        - key: apollo.router.id
          value: "[redacted]"
        - key: apollo.schema.id
          value: "[redacted]"
        - key: apollo.user.agent
          value: "[redacted]"
      droppedAttributesCount: 0
    scopeSpans:
      - scope:
          name: apollo-router
          version: apollo-router@1.46.0
          attributes: []
          droppedAttributesCount: 0
        spans:
          - traceId: "[trace_id]"
            spanId: "[span_id]"
            traceState: ""
            parentSpanId: "[span_id]"
            flags: 0
            name: http_request
            kind: 3
            startTimeUnixNano: "[start_time]"
            endTimeUnixNano: "[end_time]"
            attributes: []
            droppedAttributesCount: 0
            events: []
            droppedEventsCount: 0
            links: []
            droppedLinksCount: 0
            status:
              message: ""
              code: 0
        schemaUrl: ""
    schemaUrl: ""
  - resource:
      attributes:
        - key: apollo.client.host
          value: "[redacted]"
        - key: apollo.client.uname
          value: "[redacted]"
        - key: apollo.graph.ref
          value: "[redacted]"
        - key: apollo.router.id
          value: "[redacted]"
        - key: apollo.schema.id
          value: "[redacted]"
        - key: apollo.user.agent
          value: "[redacted]"
      droppedAttributesCount: 0
    scopeSpans:
      - scope:
          name: apollo-router
          version: apollo-router@1.46.0
          attributes: []
          droppedAttributesCount: 0
        spans:
          - traceId: "[trace_id]"
            spanId: "[span_id]"
            traceState: ""
            parentSpanId: "[span_id]"
            flags: 0
            name: flatten
            kind: 1
            startTimeUnixNano: "[start_time]"
            endTimeUnixNano: "[end_time]"
            attributes:
              - key: graphql.path
                value:
                  stringValue: /topProducts/@/reviews/@/author
            droppedAttributesCount: 0
            events: []
            droppedEventsCount: 0
            links: []
            droppedLinksCount: 0
            status:
              message: ""
              code: 0
        schemaUrl: ""
    schemaUrl: ""
  - resource:
      attributes:
        - key: apollo.client.host
          value: "[redacted]"
        - key: apollo.client.uname
          value: "[redacted]"
        - key: apollo.graph.ref
          value: "[redacted]"
        - key: apollo.router.id
          value: "[redacted]"
        - key: apollo.schema.id
          value: "[redacted]"
        - key: apollo.user.agent
          value: "[redacted]"
      droppedAttributesCount: 0
    scopeSpans:
      - scope:
          name: apollo-router
          version: apollo-router@1.46.0
          attributes: []
          droppedAttributesCount: 0
        spans:
          - traceId: "[trace_id]"
            spanId: "[span_id]"
            traceState: ""
            parentSpanId: "[span_id]"
            flags: 0
            name: fetch
            kind: 1
            startTimeUnixNano: "[start_time]"
            endTimeUnixNano: "[end_time]"
            attributes:
              - key: apollo.subgraph.name
                value:
                  stringValue: accounts
              - key: apollo_private.sent_time_offset
                value:
                  intValue: 15337735375
            droppedAttributesCount: 0
            events: []
            droppedEventsCount: 0
            links: []
            droppedLinksCount: 0
            status:
              message: ""
              code: 0
        schemaUrl: ""
    schemaUrl: ""
  - resource:
      attributes:
        - key: apollo.client.host
          value: "[redacted]"
        - key: apollo.client.uname
          value: "[redacted]"
        - key: apollo.graph.ref
          value: "[redacted]"
        - key: apollo.router.id
          value: "[redacted]"
        - key: apollo.schema.id
          value: "[redacted]"
        - key: apollo.user.agent
          value: "[redacted]"
      droppedAttributesCount: 0
    scopeSpans:
      - scope:
          name: apollo-router
          version: apollo-router@1.46.0
          attributes: []
          droppedAttributesCount: 0
        spans:
          - traceId: "[trace_id]"
            spanId: "[span_id]"
            traceState: ""
            parentSpanId: "[span_id]"
            flags: 0
            name: subgraph
            kind: 1
            startTimeUnixNano: "[start_time]"
            endTimeUnixNano: "[end_time]"
            attributes:
              - key: apollo.subgraph.name
                value:
                  stringValue: accounts
              - key: apollo_private.ftv1
                value:
                  stringValue: GgsIxfevsgYQgKy9SCILCMX3r7IGEICsvUhYlI4WcmxiagoJX2VudGl0aWVzGgpbX0VudGl0eV0hQPaKDUiYqhRiIBAAYhwKBG5hbWUaBlN0cmluZ0CQ9RFIgNsSagRVc2VyYiAQAWIcCgRuYW1lGgZTdHJpbmdAmMsTSLKFFGoEVXNlcmoFUXVlcnn5AQAAAAAAAPA/
              - key: graphql.operation.name
                value:
                  stringValue: ""
            droppedAttributesCount: 0
            events: []
            droppedEventsCount: 0
            links: []
            droppedLinksCount: 0
            status:
              message: ""
              code: 0
        schemaUrl: ""
    schemaUrl: ""
  - resource:
      attributes:
        - key: apollo.client.host
          value: "[redacted]"
        - key: apollo.client.uname
          value: "[redacted]"
        - key: apollo.graph.ref
          value: "[redacted]"
        - key: apollo.router.id
          value: "[redacted]"
        - key: apollo.schema.id
          value: "[redacted]"
        - key: apollo.user.agent
          value: "[redacted]"
      droppedAttributesCount: 0
    scopeSpans:
      - scope:
          name: apollo-router
          version: apollo-router@1.46.0
          attributes: []
          droppedAttributesCount: 0
        spans:
          - traceId: "[trace_id]"
            spanId: "[span_id]"
            traceState: ""
            parentSpanId: "[span_id]"
            flags: 0
            name: rhai_plugin
            kind: 1
            startTimeUnixNano: "[start_time]"
            endTimeUnixNano: "[end_time]"
            attributes: []
            droppedAttributesCount: 0
            events: []
            droppedEventsCount: 0
            links: []
            droppedLinksCount: 0
            status:
              message: ""
              code: 0
        schemaUrl: ""
    schemaUrl: ""
  - resource:
      attributes:
        - key: apollo.client.host
          value: "[redacted]"
        - key: apollo.client.uname
          value: "[redacted]"
        - key: apollo.graph.ref
          value: "[redacted]"
        - key: apollo.router.id
          value: "[redacted]"
        - key: apollo.schema.id
          value: "[redacted]"
        - key: apollo.user.agent
          value: "[redacted]"
      droppedAttributesCount: 0
    scopeSpans:
      - scope:
          name: apollo-router
          version: apollo-router@1.46.0
          attributes: []
          droppedAttributesCount: 0
        spans:
          - traceId: "[trace_id]"
            spanId: "[span_id]"
            traceState: ""
            parentSpanId: "[span_id]"
            flags: 0
            name: subgraph_request
            kind: 3
            startTimeUnixNano: "[start_time]"
            endTimeUnixNano: "[end_time]"
            attributes:
              - key: apollo.subgraph.name
                value:
                  stringValue: accounts
              - key: graphql.operation.name
                value:
                  stringValue: ""
            droppedAttributesCount: 0
            events: []
            droppedEventsCount: 0
            links: []
            droppedLinksCount: 0
            status:
              message: ""
              code: 0
        schemaUrl: ""
    schemaUrl: ""
  - resource:
      attributes:
        - key: apollo.client.host
          value: "[redacted]"
        - key: apollo.client.uname
          value: "[redacted]"
        - key: apollo.graph.ref
          value: "[redacted]"
        - key: apollo.router.id
          value: "[redacted]"
        - key: apollo.schema.id
          value: "[redacted]"
        - key: apollo.user.agent
          value: "[redacted]"
      droppedAttributesCount: 0
    scopeSpans:
      - scope:
          name: apollo-router
          version: apollo-router@1.46.0
          attributes: []
          droppedAttributesCount: 0
        spans:
          - traceId: "[trace_id]"
            spanId: "[span_id]"
            traceState: ""
            parentSpanId: "[span_id]"
            flags: 0
            name: http_request
            kind: 3
            startTimeUnixNano: "[start_time]"
            endTimeUnixNano: "[end_time]"
            attributes: []
            droppedAttributesCount: 0
            events: []
            droppedEventsCount: 0
            links: []
            droppedLinksCount: 0
            status:
              message: ""
              code: 0
        schemaUrl: ""
    schemaUrl: ""
