---
source: apollo-router/tests/apollo_otel_traces.rs
expression: report
---
resourceSpans:
  - resource:
      attributes:
        - key: apollo.client.host
          value: "[redacted]"
        - key: apollo.client.uname
          value: "[redacted]"
        - key: apollo.graph.ref
          value: "[redacted]"
        - key: apollo.router.id
          value: "[redacted]"
        - key: apollo.schema.id
          value: "[redacted]"
        - key: apollo.user.agent
          value: "[redacted]"
      droppedAttributesCount: 0
    scopeSpans:
      - scope:
          name: apollo-router
          version: apollo-router@1.46.0
          attributes: []
          droppedAttributesCount: 0
        spans:
          - traceId: "[trace_id]"
            spanId: "[span_id]"
            traceState: ""
            parentSpanId: "[span_id]"
            flags: 0
            name: query
            kind: 2
            startTimeUnixNano: "[start_time]"
            endTimeUnixNano: "[end_time]"
            attributes:
              - key: apollo_private.request
                value:
                  boolValue: true
              - key: graphql.operation.type
                value:
                  stringValue: query
              - key: http.request.method
                value:
                  stringValue: POST
            droppedAttributesCount: 0
            events: []
            droppedEventsCount: 0
            links: []
            droppedLinksCount: 0
            status:
              message: ""
              code: 0
        schemaUrl: ""
    schemaUrl: ""
  - resource:
      attributes:
        - key: apollo.client.host
          value: "[redacted]"
        - key: apollo.client.uname
          value: "[redacted]"
        - key: apollo.graph.ref
          value: "[redacted]"
        - key: apollo.router.id
          value: "[redacted]"
        - key: apollo.schema.id
          value: "[redacted]"
        - key: apollo.user.agent
          value: "[redacted]"
      droppedAttributesCount: 0
    scopeSpans:
      - scope:
          name: apollo-router
          version: apollo-router@1.46.0
          attributes: []
          droppedAttributesCount: 0
        spans:
          - traceId: "[trace_id]"
            spanId: "[span_id]"
            traceState: ""
            parentSpanId: "[span_id]"
            flags: 0
            name: router
            kind: 1
            startTimeUnixNano: "[start_time]"
            endTimeUnixNano: "[end_time]"
            attributes:
              - key: apollo_private.duration_ns
                value:
                  intValue: 1333769083
              - key: apollo_private.http.request_headers
                value:
                  stringValue: "{}"
              - key: apollo_private.http.response_headers
                value:
                  stringValue: "{\"my_trace_id\":[\"1a256b402da768c358f23045367a93b0\"]}"
              - key: client.name
                value:
                  stringValue: my client
              - key: client.version
                value:
                  stringValue: ""
              - key: http.request.method
                value:
                  stringValue: POST
              - key: http.response.status_code
                value:
                  intValue: 200
              - key: trace_id
                value:
                  stringValue: 1a256b402da768c358f23045367a93b0
            droppedAttributesCount: 0
            events: []
            droppedEventsCount: 0
            links: []
            droppedLinksCount: 0
            status:
              message: ""
              code: 0
        schemaUrl: ""
    schemaUrl: ""
  - resource:
      attributes:
        - key: apollo.client.host
          value: "[redacted]"
        - key: apollo.client.uname
          value: "[redacted]"
        - key: apollo.graph.ref
          value: "[redacted]"
        - key: apollo.router.id
          value: "[redacted]"
        - key: apollo.schema.id
          value: "[redacted]"
        - key: apollo.user.agent
          value: "[redacted]"
      droppedAttributesCount: 0
    scopeSpans:
      - scope:
          name: apollo-router
          version: apollo-router@1.46.0
          attributes: []
          droppedAttributesCount: 0
        spans:
          - traceId: "[trace_id]"
            spanId: "[span_id]"
            traceState: ""
            parentSpanId: "[span_id]"
            flags: 0
            name: rhai_plugin
            kind: 1
            startTimeUnixNano: "[start_time]"
            endTimeUnixNano: "[end_time]"
            attributes: []
            droppedAttributesCount: 0
            events: []
            droppedEventsCount: 0
            links: []
            droppedLinksCount: 0
            status:
              message: ""
              code: 0
        schemaUrl: ""
    schemaUrl: ""
  - resource:
      attributes:
        - key: apollo.client.host
          value: "[redacted]"
        - key: apollo.client.uname
          value: "[redacted]"
        - key: apollo.graph.ref
          value: "[redacted]"
        - key: apollo.router.id
          value: "[redacted]"
        - key: apollo.schema.id
          value: "[redacted]"
        - key: apollo.user.agent
          value: "[redacted]"
      droppedAttributesCount: 0
    scopeSpans:
      - scope:
          name: apollo-router
          version: apollo-router@1.46.0
          attributes: []
          droppedAttributesCount: 0
        spans:
          - traceId: "[trace_id]"
            spanId: "[span_id]"
            traceState: ""
            parentSpanId: "[span_id]"
            flags: 0
            name: parse_query
            kind: 1
            startTimeUnixNano: "[start_time]"
            endTimeUnixNano: "[end_time]"
            attributes: []
            droppedAttributesCount: 0
            events: []
            droppedEventsCount: 0
            links: []
            droppedLinksCount: 0
            status:
              message: ""
              code: 0
        schemaUrl: ""
    schemaUrl: ""
  - resource:
      attributes:
        - key: apollo.client.host
          value: "[redacted]"
        - key: apollo.client.uname
          value: "[redacted]"
        - key: apollo.graph.ref
          value: "[redacted]"
        - key: apollo.router.id
          value: "[redacted]"
        - key: apollo.schema.id
          value: "[redacted]"
        - key: apollo.user.agent
          value: "[redacted]"
      droppedAttributesCount: 0
    scopeSpans:
      - scope:
          name: apollo-router
          version: apollo-router@1.46.0
          attributes: []
          droppedAttributesCount: 0
        spans:
          - traceId: "[trace_id]"
            spanId: "[span_id]"
            traceState: ""
            parentSpanId: "[span_id]"
            flags: 0
            name: supergraph
            kind: 1
            startTimeUnixNano: "[start_time]"
            endTimeUnixNano: "[end_time]"
            attributes:
              - key: apollo_private.graphql.variables
                value:
                  stringValue: "{}"
              - key: apollo_private.operation_signature
                value:
                  stringValue: "# -\n{topProducts{name reviews{author{name}}reviews{author{name}}}}"
            droppedAttributesCount: 0
            events: []
            droppedEventsCount: 0
            links: []
            droppedLinksCount: 0
            status:
              message: ""
              code: 0
        schemaUrl: ""
    schemaUrl: ""
  - resource:
      attributes:
        - key: apollo.client.host
          value: "[redacted]"
        - key: apollo.client.uname
          value: "[redacted]"
        - key: apollo.graph.ref
          value: "[redacted]"
        - key: apollo.router.id
          value: "[redacted]"
        - key: apollo.schema.id
          value: "[redacted]"
        - key: apollo.user.agent
          value: "[redacted]"
      droppedAttributesCount: 0
    scopeSpans:
      - scope:
          name: apollo-router
          version: apollo-router@1.46.0
          attributes: []
          droppedAttributesCount: 0
        spans:
          - traceId: "[trace_id]"
            spanId: "[span_id]"
            traceState: ""
            parentSpanId: "[span_id]"
            flags: 0
            name: rhai_plugin
            kind: 1
            startTimeUnixNano: "[start_time]"
            endTimeUnixNano: "[end_time]"
            attributes: []
            droppedAttributesCount: 0
            events: []
            droppedEventsCount: 0
            links: []
            droppedLinksCount: 0
            status:
              message: ""
              code: 0
        schemaUrl: ""
    schemaUrl: ""
  - resource:
      attributes:
        - key: apollo.client.host
          value: "[redacted]"
        - key: apollo.client.uname
          value: "[redacted]"
        - key: apollo.graph.ref
          value: "[redacted]"
        - key: apollo.router.id
          value: "[redacted]"
        - key: apollo.schema.id
          value: "[redacted]"
        - key: apollo.user.agent
          value: "[redacted]"
      droppedAttributesCount: 0
    scopeSpans:
      - scope:
          name: apollo-router
          version: apollo-router@1.46.0
          attributes: []
          droppedAttributesCount: 0
        spans:
          - traceId: "[trace_id]"
            spanId: "[span_id]"
            traceState: ""
            parentSpanId: "[span_id]"
            flags: 0
            name: query_planning
            kind: 1
            startTimeUnixNano: "[start_time]"
            endTimeUnixNano: "[end_time]"
            attributes: []
            droppedAttributesCount: 0
            events: []
            droppedEventsCount: 0
            links: []
            droppedLinksCount: 0
            status:
              message: ""
              code: 0
        schemaUrl: ""
    schemaUrl: ""
  - resource:
      attributes:
        - key: apollo.client.host
          value: "[redacted]"
        - key: apollo.client.uname
          value: "[redacted]"
        - key: apollo.graph.ref
          value: "[redacted]"
        - key: apollo.router.id
          value: "[redacted]"
        - key: apollo.schema.id
          value: "[redacted]"
        - key: apollo.user.agent
          value: "[redacted]"
      droppedAttributesCount: 0
    scopeSpans:
      - scope:
          name: apollo-router
          version: apollo-router@1.46.0
          attributes: []
          droppedAttributesCount: 0
        spans:
          - traceId: "[trace_id]"
            spanId: "[span_id]"
            traceState: ""
            parentSpanId: "[span_id]"
            flags: 0
            name: execution
            kind: 1
            startTimeUnixNano: "[start_time]"
            endTimeUnixNano: "[end_time]"
            attributes:
              - key: graphql.operation.type
                value:
                  stringValue: query
            droppedAttributesCount: 0
            events: []
            droppedEventsCount: 0
            links: []
            droppedLinksCount: 0
            status:
              message: ""
              code: 0
        schemaUrl: ""
    schemaUrl: ""
  - resource:
      attributes:
        - key: apollo.client.host
          value: "[redacted]"
        - key: apollo.client.uname
          value: "[redacted]"
        - key: apollo.graph.ref
          value: "[redacted]"
        - key: apollo.router.id
          value: "[redacted]"
        - key: apollo.schema.id
          value: "[redacted]"
        - key: apollo.user.agent
          value: "[redacted]"
      droppedAttributesCount: 0
    scopeSpans:
      - scope:
          name: apollo-router
          version: apollo-router@1.46.0
          attributes: []
          droppedAttributesCount: 0
        spans:
          - traceId: "[trace_id]"
            spanId: "[span_id]"
            traceState: ""
            parentSpanId: "[span_id]"
            flags: 0
            name: rhai_plugin
            kind: 1
            startTimeUnixNano: "[start_time]"
            endTimeUnixNano: "[end_time]"
            attributes: []
            droppedAttributesCount: 0
            events: []
            droppedEventsCount: 0
            links: []
            droppedLinksCount: 0
            status:
              message: ""
              code: 0
        schemaUrl: ""
    schemaUrl: ""
  - resource:
      attributes:
        - key: apollo.client.host
          value: "[redacted]"
        - key: apollo.client.uname
          value: "[redacted]"
        - key: apollo.graph.ref
          value: "[redacted]"
        - key: apollo.router.id
          value: "[redacted]"
        - key: apollo.schema.id
          value: "[redacted]"
        - key: apollo.user.agent
          value: "[redacted]"
      droppedAttributesCount: 0
    scopeSpans:
      - scope:
          name: apollo-router
          version: apollo-router@1.46.0
          attributes: []
          droppedAttributesCount: 0
        spans:
          - traceId: "[trace_id]"
            spanId: "[span_id]"
            traceState: ""
            parentSpanId: "[span_id]"
            flags: 0
            name: sequence
            kind: 1
            startTimeUnixNano: "[start_time]"
            endTimeUnixNano: "[end_time]"
            attributes: []
            droppedAttributesCount: 0
            events: []
            droppedEventsCount: 0
            links: []
            droppedLinksCount: 0
            status:
              message: ""
              code: 0
        schemaUrl: ""
    schemaUrl: ""
  - resource:
      attributes:
        - key: apollo.client.host
          value: "[redacted]"
        - key: apollo.client.uname
          value: "[redacted]"
        - key: apollo.graph.ref
          value: "[redacted]"
        - key: apollo.router.id
          value: "[redacted]"
        - key: apollo.schema.id
          value: "[redacted]"
        - key: apollo.user.agent
          value: "[redacted]"
      droppedAttributesCount: 0
    scopeSpans:
      - scope:
          name: apollo-router
          version: apollo-router@1.46.0
          attributes: []
          droppedAttributesCount: 0
        spans:
          - traceId: "[trace_id]"
            spanId: "[span_id]"
            traceState: ""
            parentSpanId: "[span_id]"
            flags: 0
            name: fetch
            kind: 1
            startTimeUnixNano: "[start_time]"
            endTimeUnixNano: "[end_time]"
            attributes:
              - key: apollo.subgraph.name
                value:
                  stringValue: products
              - key: apollo_private.sent_time_offset
                value:
                  intValue: 796561958
            droppedAttributesCount: 0
            events: []
            droppedEventsCount: 0
            links: []
            droppedLinksCount: 0
            status:
              message: ""
              code: 0
        schemaUrl: ""
    schemaUrl: ""
  - resource:
      attributes:
        - key: apollo.client.host
          value: "[redacted]"
        - key: apollo.client.uname
          value: "[redacted]"
        - key: apollo.graph.ref
          value: "[redacted]"
        - key: apollo.router.id
          value: "[redacted]"
        - key: apollo.schema.id
          value: "[redacted]"
        - key: apollo.user.agent
          value: "[redacted]"
      droppedAttributesCount: 0
    scopeSpans:
      - scope:
          name: apollo-router
          version: apollo-router@1.46.0
          attributes: []
          droppedAttributesCount: 0
        spans:
          - traceId: "[trace_id]"
            spanId: "[span_id]"
            traceState: ""
            parentSpanId: "[span_id]"
            flags: 0
            name: subgraph
            kind: 1
            startTimeUnixNano: "[start_time]"
            endTimeUnixNano: "[end_time]"
            attributes:
              - key: apollo.subgraph.name
                value:
                  stringValue: products
              - key: apollo_private.ftv1
                value:
                  stringValue: GgwItvevsgYQwP2n5gEiDAi296+yBhCA+erlAViPgUNy/AFi+QEKC3RvcFByb2R1Y3RzGglbUHJvZHVjdF1A2uITSPC0F2JEEABiHwoDdXBjGgdTdHJpbmchQMyTHEjQgB5qB1Byb2R1Y3RiHwoEbmFtZRoGU3RyaW5nQJK9H0jP7ylqB1Byb2R1Y3RiRBABYh8KA3VwYxoHU3RyaW5nIUCP9jBIu88yagdQcm9kdWN0Yh8KBG5hbWUaBlN0cmluZ0DHqDdIm/M4agdQcm9kdWN0YkQQAmIfCgN1cGMaB1N0cmluZyFAo/E6SL/tO2oHUHJvZHVjdGIfCgRuYW1lGgZTdHJpbmdA47E8SJehPWoHUHJvZHVjdGoFUXVlcnn5AQAAAAAAAPA/
              - key: graphql.operation.name
                value:
                  stringValue: ""
            droppedAttributesCount: 0
            events: []
            droppedEventsCount: 0
            links: []
            droppedLinksCount: 0
            status:
              message: ""
              code: 0
        schemaUrl: ""
    schemaUrl: ""
  - resource:
      attributes:
        - key: apollo.client.host
          value: "[redacted]"
        - key: apollo.client.uname
          value: "[redacted]"
        - key: apollo.graph.ref
          value: "[redacted]"
        - key: apollo.router.id
          value: "[redacted]"
        - key: apollo.schema.id
          value: "[redacted]"
        - key: apollo.user.agent
          value: "[redacted]"
      droppedAttributesCount: 0
    scopeSpans:
      - scope:
          name: apollo-router
          version: apollo-router@1.46.0
          attributes: []
          droppedAttributesCount: 0
        spans:
          - traceId: "[trace_id]"
            spanId: "[span_id]"
            traceState: ""
            parentSpanId: "[span_id]"
            flags: 0
            name: rhai_plugin
            kind: 1
            startTimeUnixNano: "[start_time]"
            endTimeUnixNano: "[end_time]"
            attributes: []
            droppedAttributesCount: 0
            events: []
            droppedEventsCount: 0
            links: []
            droppedLinksCount: 0
            status:
              message: ""
              code: 0
        schemaUrl: ""
    schemaUrl: ""
  - resource:
      attributes:
        - key: apollo.client.host
          value: "[redacted]"
        - key: apollo.client.uname
          value: "[redacted]"
        - key: apollo.graph.ref
          value: "[redacted]"
        - key: apollo.router.id
          value: "[redacted]"
        - key: apollo.schema.id
          value: "[redacted]"
        - key: apollo.user.agent
          value: "[redacted]"
      droppedAttributesCount: 0
    scopeSpans:
      - scope:
          name: apollo-router
          version: apollo-router@1.46.0
          attributes: []
          droppedAttributesCount: 0
        spans:
          - traceId: "[trace_id]"
            spanId: "[span_id]"
            traceState: ""
            parentSpanId: "[span_id]"
            flags: 0
            name: subgraph_request
            kind: 3
            startTimeUnixNano: "[start_time]"
            endTimeUnixNano: "[end_time]"
            attributes:
              - key: apollo.subgraph.name
                value:
                  stringValue: products
              - key: graphql.operation.name
                value:
                  stringValue: ""
            droppedAttributesCount: 0
            events: []
            droppedEventsCount: 0
            links: []
            droppedLinksCount: 0
            status:
              message: ""
              code: 0
        schemaUrl: ""
    schemaUrl: ""
  - resource:
      attributes:
        - key: apollo.client.host
          value: "[redacted]"
        - key: apollo.client.uname
          value: "[redacted]"
        - key: apollo.graph.ref
          value: "[redacted]"
        - key: apollo.router.id
          value: "[redacted]"
        - key: apollo.schema.id
          value: "[redacted]"
        - key: apollo.user.agent
          value: "[redacted]"
      droppedAttributesCount: 0
    scopeSpans:
      - scope:
          name: apollo-router
          version: apollo-router@1.46.0
          attributes: []
          droppedAttributesCount: 0
        spans:
          - traceId: "[trace_id]"
            spanId: "[span_id]"
            traceState: ""
            parentSpanId: "[span_id]"
            flags: 0
            name: http_request
            kind: 3
            startTimeUnixNano: "[start_time]"
            endTimeUnixNano: "[end_time]"
            attributes: []
            droppedAttributesCount: 0
            events: []
            droppedEventsCount: 0
            links: []
            droppedLinksCount: 0
            status:
              message: ""
              code: 0
        schemaUrl: ""
    schemaUrl: ""
  - resource:
      attributes:
        - key: apollo.client.host
          value: "[redacted]"
        - key: apollo.client.uname
          value: "[redacted]"
        - key: apollo.graph.ref
          value: "[redacted]"
        - key: apollo.router.id
          value: "[redacted]"
        - key: apollo.schema.id
          value: "[redacted]"
        - key: apollo.user.agent
          value: "[redacted]"
      droppedAttributesCount: 0
    scopeSpans:
      - scope:
          name: apollo-router
          version: apollo-router@1.46.0
          attributes: []
          droppedAttributesCount: 0
        spans:
          - traceId: "[trace_id]"
            spanId: "[span_id]"
            traceState: ""
            parentSpanId: "[span_id]"
            flags: 0
            name: flatten
            kind: 1
            startTimeUnixNano: "[start_time]"
            endTimeUnixNano: "[end_time]"
            attributes:
              - key: graphql.path
                value:
                  stringValue: /topProducts/@
            droppedAttributesCount: 0
            events: []
            droppedEventsCount: 0
            links: []
            droppedLinksCount: 0
            status:
              message: ""
              code: 0
        schemaUrl: ""
    schemaUrl: ""
  - resource:
      attributes:
        - key: apollo.client.host
          value: "[redacted]"
        - key: apollo.client.uname
          value: "[redacted]"
        - key: apollo.graph.ref
          value: "[redacted]"
        - key: apollo.router.id
          value: "[redacted]"
        - key: apollo.schema.id
          value: "[redacted]"
        - key: apollo.user.agent
          value: "[redacted]"
      droppedAttributesCount: 0
    scopeSpans:
      - scope:
          name: apollo-router
          version: apollo-router@1.46.0
          attributes: []
          droppedAttributesCount: 0
        spans:
          - traceId: "[trace_id]"
            spanId: "[span_id]"
            traceState: ""
            parentSpanId: "[span_id]"
            flags: 0
            name: fetch
            kind: 1
            startTimeUnixNano: "[start_time]"
            endTimeUnixNano: "[end_time]"
            attributes:
              - key: apollo.subgraph.name
                value:
                  stringValue: reviews
              - key: apollo_private.sent_time_offset
                value:
                  intValue: 888423208
            droppedAttributesCount: 0
            events: []
            droppedEventsCount: 0
            links: []
            droppedLinksCount: 0
            status:
              message: ""
              code: 0
        schemaUrl: ""
    schemaUrl: ""
  - resource:
      attributes:
        - key: apollo.client.host
          value: "[redacted]"
        - key: apollo.client.uname
          value: "[redacted]"
        - key: apollo.graph.ref
          value: "[redacted]"
        - key: apollo.router.id
          value: "[redacted]"
        - key: apollo.schema.id
          value: "[redacted]"
        - key: apollo.user.agent
          value: "[redacted]"
      droppedAttributesCount: 0
    scopeSpans:
      - scope:
          name: apollo-router
          version: apollo-router@1.46.0
          attributes: []
          droppedAttributesCount: 0
        spans:
          - traceId: "[trace_id]"
            spanId: "[span_id]"
            traceState: ""
            parentSpanId: "[span_id]"
            flags: 0
            name: subgraph
            kind: 1
            startTimeUnixNano: "[start_time]"
            endTimeUnixNano: "[end_time]"
            attributes:
              - key: apollo.subgraph.name
                value:
                  stringValue: reviews
              - key: apollo_private.ftv1
                value:
                  stringValue: GgwItvevsgYQgOeI2AMiDAi296+yBhDA4svXA1ib0BNynQNimgMKCV9lbnRpdGllcxoKW19FbnRpdHldIUDOxglIoPMRYqMBEABingEKB3Jldmlld3MaCFtSZXZpZXddQLHCDEiAgQ1iOxAAYjcKBmF1dGhvchoEVXNlckCd2g1I1eoNYhcKAmlkGgNJRCFA3LkOSMnUDmoEVXNlcmoGUmV2aWV3YjsQAWI3CgZhdXRob3IaBFVzZXJA2YgPSKqSD2IXCgJpZBoDSUQhQLOxD0iWvw9qBFVzZXJqBlJldmlld2oHUHJvZHVjdGJlEAFiYQoHcmV2aWV3cxoIW1Jldmlld11AuekPSPb3D2I7EABiNwoGYXV0aG9yGgRVc2VyQJqaEEjroxBiFwoCaWQaA0lEIUCUxBBIndEQagRVc2VyagZSZXZpZXdqB1Byb2R1Y3RiZRACYmEKB3Jldmlld3MaCFtSZXZpZXddQJT+EEiFiRFiOxAAYjcKBmF1dGhvchoEVXNlckC7qhFI7bMRYhcKAmlkGgNJRCFA8tARSKvdEWoEVXNlcmoGUmV2aWV3agdQcm9kdWN0agVRdWVyefkBAAAAAAAA8D8=
              - key: graphql.operation.name
                value:
                  stringValue: ""
            droppedAttributesCount: 0
            events: []
            droppedEventsCount: 0
            links: []
            droppedLinksCount: 0
            status:
              message: ""
              code: 0
        schemaUrl: ""
    schemaUrl: ""
  - resource:
      attributes:
        - key: apollo.client.host
          value: "[redacted]"
        - key: apollo.client.uname
          value: "[redacted]"
        - key: apollo.graph.ref
          value: "[redacted]"
        - key: apollo.router.id
          value: "[redacted]"
        - key: apollo.schema.id
          value: "[redacted]"
        - key: apollo.user.agent
          value: "[redacted]"
      droppedAttributesCount: 0
    scopeSpans:
      - scope:
          name: apollo-router
          version: apollo-router@1.46.0
          attributes: []
          droppedAttributesCount: 0
        spans:
          - traceId: "[trace_id]"
            spanId: "[span_id]"
            traceState: ""
            parentSpanId: "[span_id]"
            flags: 0
            name: rhai_plugin
            kind: 1
            startTimeUnixNano: "[start_time]"
            endTimeUnixNano: "[end_time]"
            attributes: []
            droppedAttributesCount: 0
            events: []
            droppedEventsCount: 0
            links: []
            droppedLinksCount: 0
            status:
              message: ""
              code: 0
        schemaUrl: ""
    schemaUrl: ""
  - resource:
      attributes:
        - key: apollo.client.host
          value: "[redacted]"
        - key: apollo.client.uname
          value: "[redacted]"
        - key: apollo.graph.ref
          value: "[redacted]"
        - key: apollo.router.id
          value: "[redacted]"
        - key: apollo.schema.id
          value: "[redacted]"
        - key: apollo.user.agent
          value: "[redacted]"
      droppedAttributesCount: 0
    scopeSpans:
      - scope:
          name: apollo-router
          version: apollo-router@1.46.0
          attributes: []
          droppedAttributesCount: 0
        spans:
          - traceId: "[trace_id]"
            spanId: "[span_id]"
            traceState: ""
            parentSpanId: "[span_id]"
            flags: 0
            name: subgraph_request
            kind: 3
            startTimeUnixNano: "[start_time]"
            endTimeUnixNano: "[end_time]"
            attributes:
              - key: apollo.subgraph.name
                value:
                  stringValue: reviews
              - key: graphql.operation.name
                value:
                  stringValue: ""
            droppedAttributesCount: 0
            events: []
            droppedEventsCount: 0
            links: []
            droppedLinksCount: 0
            status:
              message: ""
              code: 0
        schemaUrl: ""
    schemaUrl: ""
  - resource:
      attributes:
        - key: apollo.client.host
          value: "[redacted]"
        - key: apollo.client.uname
          value: "[redacted]"
        - key: apollo.graph.ref
          value: "[redacted]"
        - key: apollo.router.id
          value: "[redacted]"
        - key: apollo.schema.id
          value: "[redacted]"
        - key: apollo.user.agent
          value: "[redacted]"
      droppedAttributesCount: 0
    scopeSpans:
      - scope:
          name: apollo-router
          version: apollo-router@1.46.0
          attributes: []
          droppedAttributesCount: 0
        spans:
          - traceId: "[trace_id]"
            spanId: "[span_id]"
            traceState: ""
            parentSpanId: "[span_id]"
            flags: 0
            name: http_request
            kind: 3
            startTimeUnixNano: "[start_time]"
            endTimeUnixNano: "[end_time]"
            attributes: []
            droppedAttributesCount: 0
            events: []
            droppedEventsCount: 0
            links: []
            droppedLinksCount: 0
            status:
              message: ""
              code: 0
        schemaUrl: ""
    schemaUrl: ""
  - resource:
      attributes:
        - key: apollo.client.host
          value: "[redacted]"
        - key: apollo.client.uname
          value: "[redacted]"
        - key: apollo.graph.ref
          value: "[redacted]"
        - key: apollo.router.id
          value: "[redacted]"
        - key: apollo.schema.id
          value: "[redacted]"
        - key: apollo.user.agent
          value: "[redacted]"
      droppedAttributesCount: 0
    scopeSpans:
      - scope:
          name: apollo-router
          version: apollo-router@1.46.0
          attributes: []
          droppedAttributesCount: 0
        spans:
          - traceId: "[trace_id]"
            spanId: "[span_id]"
            traceState: ""
            parentSpanId: "[span_id]"
            flags: 0
            name: flatten
            kind: 1
            startTimeUnixNano: "[start_time]"
            endTimeUnixNano: "[end_time]"
            attributes:
              - key: graphql.path
                value:
                  stringValue: /topProducts/@/reviews/@/author
            droppedAttributesCount: 0
            events: []
            droppedEventsCount: 0
            links: []
            droppedLinksCount: 0
            status:
              message: ""
              code: 0
        schemaUrl: ""
    schemaUrl: ""
  - resource:
      attributes:
        - key: apollo.client.host
          value: "[redacted]"
        - key: apollo.client.uname
          value: "[redacted]"
        - key: apollo.graph.ref
          value: "[redacted]"
        - key: apollo.router.id
          value: "[redacted]"
        - key: apollo.schema.id
          value: "[redacted]"
        - key: apollo.user.agent
          value: "[redacted]"
      droppedAttributesCount: 0
    scopeSpans:
      - scope:
          name: apollo-router
          version: apollo-router@1.46.0
          attributes: []
          droppedAttributesCount: 0
        spans:
          - traceId: "[trace_id]"
            spanId: "[span_id]"
            traceState: ""
            parentSpanId: "[span_id]"
            flags: 0
            name: fetch
            kind: 1
            startTimeUnixNano: "[start_time]"
            endTimeUnixNano: "[end_time]"
            attributes:
              - key: apollo.subgraph.name
                value:
                  stringValue: accounts
              - key: apollo_private.sent_time_offset
                value:
                  intValue: 1534284125
            droppedAttributesCount: 0
            events: []
            droppedEventsCount: 0
            links: []
            droppedLinksCount: 0
            status:
              message: ""
              code: 0
        schemaUrl: ""
    schemaUrl: ""
  - resource:
      attributes:
        - key: apollo.client.host
          value: "[redacted]"
        - key: apollo.client.uname
          value: "[redacted]"
        - key: apollo.graph.ref
          value: "[redacted]"
        - key: apollo.router.id
          value: "[redacted]"
        - key: apollo.schema.id
          value: "[redacted]"
        - key: apollo.user.agent
          value: "[redacted]"
      droppedAttributesCount: 0
    scopeSpans:
      - scope:
          name: apollo-router
          version: apollo-router@1.46.0
          attributes: []
          droppedAttributesCount: 0
        spans:
          - traceId: "[trace_id]"
            spanId: "[span_id]"
            traceState: ""
            parentSpanId: "[span_id]"
            flags: 0
            name: subgraph
            kind: 1
            startTimeUnixNano: "[start_time]"
            endTimeUnixNano: "[end_time]"
            attributes:
              - key: apollo.subgraph.name
                value:
                  stringValue: accounts
              - key: apollo_private.ftv1
                value:
                  stringValue: GgwIt/evsgYQwOPnmQIiDAi396+yBhDA4+eZAliM/hlybGJqCglfZW50aXRpZXMaCltfRW50aXR5XSFA1rENSKzOF2IgEABiHAoEbmFtZRoGU3RyaW5nQJj7Eki4/hNqBFVzZXJiIBABYhwKBG5hbWUaBlN0cmluZ0CW8RVIpo8XagRVc2VyagVRdWVyefkBAAAAAAAA8D8=
              - key: graphql.operation.name
                value:
                  stringValue: ""
            droppedAttributesCount: 0
            events: []
            droppedEventsCount: 0
            links: []
            droppedLinksCount: 0
            status:
              message: ""
              code: 0
        schemaUrl: ""
    schemaUrl: ""
  - resource:
      attributes:
        - key: apollo.client.host
          value: "[redacted]"
        - key: apollo.client.uname
          value: "[redacted]"
        - key: apollo.graph.ref
          value: "[redacted]"
        - key: apollo.router.id
          value: "[redacted]"
        - key: apollo.schema.id
          value: "[redacted]"
        - key: apollo.user.agent
          value: "[redacted]"
      droppedAttributesCount: 0
    scopeSpans:
      - scope:
          name: apollo-router
          version: apollo-router@1.46.0
          attributes: []
          droppedAttributesCount: 0
        spans:
          - traceId: "[trace_id]"
            spanId: "[span_id]"
            traceState: ""
            parentSpanId: "[span_id]"
            flags: 0
            name: rhai_plugin
            kind: 1
            startTimeUnixNano: "[start_time]"
            endTimeUnixNano: "[end_time]"
            attributes: []
            droppedAttributesCount: 0
            events: []
            droppedEventsCount: 0
            links: []
            droppedLinksCount: 0
            status:
              message: ""
              code: 0
        schemaUrl: ""
    schemaUrl: ""
  - resource:
      attributes:
        - key: apollo.client.host
          value: "[redacted]"
        - key: apollo.client.uname
          value: "[redacted]"
        - key: apollo.graph.ref
          value: "[redacted]"
        - key: apollo.router.id
          value: "[redacted]"
        - key: apollo.schema.id
          value: "[redacted]"
        - key: apollo.user.agent
          value: "[redacted]"
      droppedAttributesCount: 0
    scopeSpans:
      - scope:
          name: apollo-router
          version: apollo-router@1.46.0
          attributes: []
          droppedAttributesCount: 0
        spans:
          - traceId: "[trace_id]"
            spanId: "[span_id]"
            traceState: ""
            parentSpanId: "[span_id]"
            flags: 0
            name: subgraph_request
            kind: 3
            startTimeUnixNano: "[start_time]"
            endTimeUnixNano: "[end_time]"
            attributes:
              - key: apollo.subgraph.name
                value:
                  stringValue: accounts
              - key: graphql.operation.name
                value:
                  stringValue: ""
            droppedAttributesCount: 0
            events: []
            droppedEventsCount: 0
            links: []
            droppedLinksCount: 0
            status:
              message: ""
              code: 0
        schemaUrl: ""
    schemaUrl: ""
  - resource:
      attributes:
        - key: apollo.client.host
          value: "[redacted]"
        - key: apollo.client.uname
          value: "[redacted]"
        - key: apollo.graph.ref
          value: "[redacted]"
        - key: apollo.router.id
          value: "[redacted]"
        - key: apollo.schema.id
          value: "[redacted]"
        - key: apollo.user.agent
          value: "[redacted]"
      droppedAttributesCount: 0
    scopeSpans:
      - scope:
          name: apollo-router
          version: apollo-router@1.46.0
          attributes: []
          droppedAttributesCount: 0
        spans:
          - traceId: "[trace_id]"
            spanId: "[span_id]"
            traceState: ""
            parentSpanId: "[span_id]"
            flags: 0
            name: http_request
            kind: 3
            startTimeUnixNano: "[start_time]"
            endTimeUnixNano: "[end_time]"
            attributes: []
            droppedAttributesCount: 0
            events: []
            droppedEventsCount: 0
            links: []
            droppedLinksCount: 0
            status:
              message: ""
              code: 0
        schemaUrl: ""
    schemaUrl: ""
