---
source: apollo-router/tests/apollo_otel_traces.rs
expression: report
---
resourceSpans:
  - resource:
      attributes:
        - key: apollo.client.host
          value: "[redacted]"
        - key: apollo.client.uname
          value: "[redacted]"
        - key: apollo.graph.ref
          value: "[redacted]"
        - key: apollo.router.id
          value: "[redacted]"
        - key: apollo.schema.id
          value: "[redacted]"
        - key: apollo.user.agent
          value: "[redacted]"
      droppedAttributesCount: 0
    scopeSpans:
      - scope:
          name: apollo-router
          version: apollo-router@1.46.0
          attributes: []
          droppedAttributesCount: 0
        spans:
          - traceId: "[trace_id]"
            spanId: "[span_id]"
            traceState: ""
            parentSpanId: "[span_id]"
            flags: 0
            name: query
            kind: 2
            startTimeUnixNano: "[start_time]"
            endTimeUnixNano: "[end_time]"
            attributes:
              - key: apollo_private.request
                value:
                  boolValue: true
              - key: graphql.operation.type
                value:
                  stringValue: query
              - key: http.request.method
                value:
                  stringValue: POST
            droppedAttributesCount: 0
            events: []
            droppedEventsCount: 0
            links: []
            droppedLinksCount: 0
            status:
              message: ""
              code: 0
        schemaUrl: ""
    schemaUrl: ""
  - resource:
      attributes:
        - key: apollo.client.host
          value: "[redacted]"
        - key: apollo.client.uname
          value: "[redacted]"
        - key: apollo.graph.ref
          value: "[redacted]"
        - key: apollo.router.id
          value: "[redacted]"
        - key: apollo.schema.id
          value: "[redacted]"
        - key: apollo.user.agent
          value: "[redacted]"
      droppedAttributesCount: 0
    scopeSpans:
      - scope:
          name: apollo-router
          version: apollo-router@1.46.0
          attributes: []
          droppedAttributesCount: 0
        spans:
          - traceId: "[trace_id]"
            spanId: "[span_id]"
            traceState: ""
            parentSpanId: "[span_id]"
            flags: 0
            name: router
            kind: 1
            startTimeUnixNano: "[start_time]"
            endTimeUnixNano: "[end_time]"
            attributes:
              - key: apollo_private.duration_ns
                value:
                  intValue: 1380855584
              - key: apollo_private.http.request_headers
                value:
                  stringValue: "{}"
              - key: apollo_private.http.response_headers
                value:
                  stringValue: "{\"my_trace_id\":[\"786e77e1a11abd5a5eefadeecbf9dd7e\"]}"
              - key: client.name
                value:
                  stringValue: ""
              - key: client.version
                value:
                  stringValue: ""
              - key: http.request.method
                value:
                  stringValue: POST
              - key: http.response.status_code
                value:
                  intValue: 200
              - key: trace_id
                value:
                  stringValue: 786e77e1a11abd5a5eefadeecbf9dd7e
            droppedAttributesCount: 0
            events: []
            droppedEventsCount: 0
            links: []
            droppedLinksCount: 0
            status:
              message: ""
              code: 0
        schemaUrl: ""
    schemaUrl: ""
  - resource:
      attributes:
        - key: apollo.client.host
          value: "[redacted]"
        - key: apollo.client.uname
          value: "[redacted]"
        - key: apollo.graph.ref
          value: "[redacted]"
        - key: apollo.router.id
          value: "[redacted]"
        - key: apollo.schema.id
          value: "[redacted]"
        - key: apollo.user.agent
          value: "[redacted]"
      droppedAttributesCount: 0
    scopeSpans:
      - scope:
          name: apollo-router
          version: apollo-router@1.46.0
          attributes: []
          droppedAttributesCount: 0
        spans:
          - traceId: "[trace_id]"
            spanId: "[span_id]"
            traceState: ""
            parentSpanId: "[span_id]"
            flags: 0
            name: rhai_plugin
            kind: 1
            startTimeUnixNano: "[start_time]"
            endTimeUnixNano: "[end_time]"
            attributes: []
            droppedAttributesCount: 0
            events: []
            droppedEventsCount: 0
            links: []
            droppedLinksCount: 0
            status:
              message: ""
              code: 0
        schemaUrl: ""
    schemaUrl: ""
  - resource:
      attributes:
        - key: apollo.client.host
          value: "[redacted]"
        - key: apollo.client.uname
          value: "[redacted]"
        - key: apollo.graph.ref
          value: "[redacted]"
        - key: apollo.router.id
          value: "[redacted]"
        - key: apollo.schema.id
          value: "[redacted]"
        - key: apollo.user.agent
          value: "[redacted]"
      droppedAttributesCount: 0
    scopeSpans:
      - scope:
          name: apollo-router
          version: apollo-router@1.46.0
          attributes: []
          droppedAttributesCount: 0
        spans:
          - traceId: "[trace_id]"
            spanId: "[span_id]"
            traceState: ""
            parentSpanId: "[span_id]"
            flags: 0
            name: parse_query
            kind: 1
            startTimeUnixNano: "[start_time]"
            endTimeUnixNano: "[end_time]"
            attributes: []
            droppedAttributesCount: 0
            events: []
            droppedEventsCount: 0
            links: []
            droppedLinksCount: 0
            status:
              message: ""
              code: 0
        schemaUrl: ""
    schemaUrl: ""
  - resource:
      attributes:
        - key: apollo.client.host
          value: "[redacted]"
        - key: apollo.client.uname
          value: "[redacted]"
        - key: apollo.graph.ref
          value: "[redacted]"
        - key: apollo.router.id
          value: "[redacted]"
        - key: apollo.schema.id
          value: "[redacted]"
        - key: apollo.user.agent
          value: "[redacted]"
      droppedAttributesCount: 0
    scopeSpans:
      - scope:
          name: apollo-router
          version: apollo-router@1.46.0
          attributes: []
          droppedAttributesCount: 0
        spans:
          - traceId: "[trace_id]"
            spanId: "[span_id]"
            traceState: ""
            parentSpanId: "[span_id]"
            flags: 0
            name: supergraph
            kind: 1
            startTimeUnixNano: "[start_time]"
            endTimeUnixNano: "[end_time]"
            attributes:
              - key: apollo_private.graphql.variables
                value:
                  stringValue: "{\"dontSendValue\":\"\",\"sendValue\":\"true\"}"
              - key: apollo_private.operation_signature
                value:
                  stringValue: "# -\nquery($dontSendValue:Boolean!,$sendValue:Boolean!){topProducts{name reviews@include(if:$sendValue){author{name}}reviews@include(if:$dontSendValue){author{name}}}}"
            droppedAttributesCount: 0
            events: []
            droppedEventsCount: 0
            links: []
            droppedLinksCount: 0
            status:
              message: ""
              code: 0
        schemaUrl: ""
    schemaUrl: ""
  - resource:
      attributes:
        - key: apollo.client.host
          value: "[redacted]"
        - key: apollo.client.uname
          value: "[redacted]"
        - key: apollo.graph.ref
          value: "[redacted]"
        - key: apollo.router.id
          value: "[redacted]"
        - key: apollo.schema.id
          value: "[redacted]"
        - key: apollo.user.agent
          value: "[redacted]"
      droppedAttributesCount: 0
    scopeSpans:
      - scope:
          name: apollo-router
          version: apollo-router@1.46.0
          attributes: []
          droppedAttributesCount: 0
        spans:
          - traceId: "[trace_id]"
            spanId: "[span_id]"
            traceState: ""
            parentSpanId: "[span_id]"
            flags: 0
            name: rhai_plugin
            kind: 1
            startTimeUnixNano: "[start_time]"
            endTimeUnixNano: "[end_time]"
            attributes: []
            droppedAttributesCount: 0
            events: []
            droppedEventsCount: 0
            links: []
            droppedLinksCount: 0
            status:
              message: ""
              code: 0
        schemaUrl: ""
    schemaUrl: ""
  - resource:
      attributes:
        - key: apollo.client.host
          value: "[redacted]"
        - key: apollo.client.uname
          value: "[redacted]"
        - key: apollo.graph.ref
          value: "[redacted]"
        - key: apollo.router.id
          value: "[redacted]"
        - key: apollo.schema.id
          value: "[redacted]"
        - key: apollo.user.agent
          value: "[redacted]"
      droppedAttributesCount: 0
    scopeSpans:
      - scope:
          name: apollo-router
          version: apollo-router@1.46.0
          attributes: []
          droppedAttributesCount: 0
        spans:
          - traceId: "[trace_id]"
            spanId: "[span_id]"
            traceState: ""
            parentSpanId: "[span_id]"
            flags: 0
            name: query_planning
            kind: 1
            startTimeUnixNano: "[start_time]"
            endTimeUnixNano: "[end_time]"
            attributes: []
            droppedAttributesCount: 0
            events: []
            droppedEventsCount: 0
            links: []
            droppedLinksCount: 0
            status:
              message: ""
              code: 0
        schemaUrl: ""
    schemaUrl: ""
  - resource:
      attributes:
        - key: apollo.client.host
          value: "[redacted]"
        - key: apollo.client.uname
          value: "[redacted]"
        - key: apollo.graph.ref
          value: "[redacted]"
        - key: apollo.router.id
          value: "[redacted]"
        - key: apollo.schema.id
          value: "[redacted]"
        - key: apollo.user.agent
          value: "[redacted]"
      droppedAttributesCount: 0
    scopeSpans:
      - scope:
          name: apollo-router
          version: apollo-router@1.46.0
          attributes: []
          droppedAttributesCount: 0
        spans:
          - traceId: "[trace_id]"
            spanId: "[span_id]"
            traceState: ""
            parentSpanId: "[span_id]"
            flags: 0
            name: execution
            kind: 1
            startTimeUnixNano: "[start_time]"
            endTimeUnixNano: "[end_time]"
            attributes:
              - key: graphql.operation.type
                value:
                  stringValue: query
            droppedAttributesCount: 0
            events: []
            droppedEventsCount: 0
            links: []
            droppedLinksCount: 0
            status:
              message: ""
              code: 0
        schemaUrl: ""
    schemaUrl: ""
  - resource:
      attributes:
        - key: apollo.client.host
          value: "[redacted]"
        - key: apollo.client.uname
          value: "[redacted]"
        - key: apollo.graph.ref
          value: "[redacted]"
        - key: apollo.router.id
          value: "[redacted]"
        - key: apollo.schema.id
          value: "[redacted]"
        - key: apollo.user.agent
          value: "[redacted]"
      droppedAttributesCount: 0
    scopeSpans:
      - scope:
          name: apollo-router
          version: apollo-router@1.46.0
          attributes: []
          droppedAttributesCount: 0
        spans:
          - traceId: "[trace_id]"
            spanId: "[span_id]"
            traceState: ""
            parentSpanId: "[span_id]"
            flags: 0
            name: rhai_plugin
            kind: 1
            startTimeUnixNano: "[start_time]"
            endTimeUnixNano: "[end_time]"
            attributes: []
            droppedAttributesCount: 0
            events: []
            droppedEventsCount: 0
            links: []
            droppedLinksCount: 0
            status:
              message: ""
              code: 0
        schemaUrl: ""
    schemaUrl: ""
  - resource:
      attributes:
        - key: apollo.client.host
          value: "[redacted]"
        - key: apollo.client.uname
          value: "[redacted]"
        - key: apollo.graph.ref
          value: "[redacted]"
        - key: apollo.router.id
          value: "[redacted]"
        - key: apollo.schema.id
          value: "[redacted]"
        - key: apollo.user.agent
          value: "[redacted]"
      droppedAttributesCount: 0
    scopeSpans:
      - scope:
          name: apollo-router
          version: apollo-router@1.46.0
          attributes: []
          droppedAttributesCount: 0
        spans:
          - traceId: "[trace_id]"
            spanId: "[span_id]"
            traceState: ""
            parentSpanId: "[span_id]"
            flags: 0
            name: sequence
            kind: 1
            startTimeUnixNano: "[start_time]"
            endTimeUnixNano: "[end_time]"
            attributes: []
            droppedAttributesCount: 0
            events: []
            droppedEventsCount: 0
            links: []
            droppedLinksCount: 0
            status:
              message: ""
              code: 0
        schemaUrl: ""
    schemaUrl: ""
  - resource:
      attributes:
        - key: apollo.client.host
          value: "[redacted]"
        - key: apollo.client.uname
          value: "[redacted]"
        - key: apollo.graph.ref
          value: "[redacted]"
        - key: apollo.router.id
          value: "[redacted]"
        - key: apollo.schema.id
          value: "[redacted]"
        - key: apollo.user.agent
          value: "[redacted]"
      droppedAttributesCount: 0
    scopeSpans:
      - scope:
          name: apollo-router
          version: apollo-router@1.46.0
          attributes: []
          droppedAttributesCount: 0
        spans:
          - traceId: "[trace_id]"
            spanId: "[span_id]"
            traceState: ""
            parentSpanId: "[span_id]"
            flags: 0
            name: fetch
            kind: 1
            startTimeUnixNano: "[start_time]"
            endTimeUnixNano: "[end_time]"
            attributes:
              - key: apollo.subgraph.name
                value:
                  stringValue: products
              - key: apollo_private.sent_time_offset
                value:
                  intValue: 13193657792
            droppedAttributesCount: 0
            events: []
            droppedEventsCount: 0
            links: []
            droppedLinksCount: 0
            status:
              message: ""
              code: 0
        schemaUrl: ""
    schemaUrl: ""
  - resource:
      attributes:
        - key: apollo.client.host
          value: "[redacted]"
        - key: apollo.client.uname
          value: "[redacted]"
        - key: apollo.graph.ref
          value: "[redacted]"
        - key: apollo.router.id
          value: "[redacted]"
        - key: apollo.schema.id
          value: "[redacted]"
        - key: apollo.user.agent
          value: "[redacted]"
      droppedAttributesCount: 0
    scopeSpans:
      - scope:
          name: apollo-router
          version: apollo-router@1.46.0
          attributes: []
          droppedAttributesCount: 0
        spans:
          - traceId: "[trace_id]"
            spanId: "[span_id]"
            traceState: ""
            parentSpanId: "[span_id]"
            flags: 0
            name: subgraph
            kind: 1
            startTimeUnixNano: "[start_time]"
            endTimeUnixNano: "[end_time]"
            attributes:
              - key: apollo.subgraph.name
                value:
                  stringValue: products
              - key: apollo_private.ftv1
                value:
                  stringValue: GgwI1PevsgYQgMS8lgIiDAjU96+yBhCAxLyWAljaxiNy/AFi+QEKC3RvcFByb2R1Y3RzGglbUHJvZHVjdF1A5tkOSNTZEGJEEABiHwoDdXBjGgdTdHJpbmchQMKzGEimuxlqB1Byb2R1Y3RiHwoEbmFtZRoGU3RyaW5nQKC6GkjQiRtqB1Byb2R1Y3RiRBABYh8KA3VwYxoHU3RyaW5nIUCqwxxItJMdagdQcm9kdWN0Yh8KBG5hbWUaBlN0cmluZ0CO5B1I9KEeagdQcm9kdWN0YkQQAmIfCgN1cGMaB1N0cmluZyFA6KIfSKLoH2oHUHJvZHVjdGIfCgRuYW1lGgZTdHJpbmdAyp8gSPbdIGoHUHJvZHVjdGoFUXVlcnn5AQAAAAAAAPA/
              - key: graphql.operation.name
                value:
                  stringValue: ""
            droppedAttributesCount: 0
            events: []
            droppedEventsCount: 0
            links: []
            droppedLinksCount: 0
            status:
              message: ""
              code: 0
        schemaUrl: ""
    schemaUrl: ""
  - resource:
      attributes:
        - key: apollo.client.host
          value: "[redacted]"
        - key: apollo.client.uname
          value: "[redacted]"
        - key: apollo.graph.ref
          value: "[redacted]"
        - key: apollo.router.id
          value: "[redacted]"
        - key: apollo.schema.id
          value: "[redacted]"
        - key: apollo.user.agent
          value: "[redacted]"
      droppedAttributesCount: 0
    scopeSpans:
      - scope:
          name: apollo-router
          version: apollo-router@1.46.0
          attributes: []
          droppedAttributesCount: 0
        spans:
          - traceId: "[trace_id]"
            spanId: "[span_id]"
            traceState: ""
            parentSpanId: "[span_id]"
            flags: 0
            name: rhai_plugin
            kind: 1
            startTimeUnixNano: "[start_time]"
            endTimeUnixNano: "[end_time]"
            attributes: []
            droppedAttributesCount: 0
            events: []
            droppedEventsCount: 0
            links: []
            droppedLinksCount: 0
            status:
              message: ""
              code: 0
        schemaUrl: ""
    schemaUrl: ""
  - resource:
      attributes:
        - key: apollo.client.host
          value: "[redacted]"
        - key: apollo.client.uname
          value: "[redacted]"
        - key: apollo.graph.ref
          value: "[redacted]"
        - key: apollo.router.id
          value: "[redacted]"
        - key: apollo.schema.id
          value: "[redacted]"
        - key: apollo.user.agent
          value: "[redacted]"
      droppedAttributesCount: 0
    scopeSpans:
      - scope:
          name: apollo-router
          version: apollo-router@1.46.0
          attributes: []
          droppedAttributesCount: 0
        spans:
          - traceId: "[trace_id]"
            spanId: "[span_id]"
            traceState: ""
            parentSpanId: "[span_id]"
            flags: 0
            name: subgraph_request
            kind: 3
            startTimeUnixNano: "[start_time]"
            endTimeUnixNano: "[end_time]"
            attributes:
              - key: apollo.subgraph.name
                value:
                  stringValue: products
              - key: graphql.operation.name
                value:
                  stringValue: ""
            droppedAttributesCount: 0
            events: []
            droppedEventsCount: 0
            links: []
            droppedLinksCount: 0
            status:
              message: ""
              code: 0
        schemaUrl: ""
    schemaUrl: ""
  - resource:
      attributes:
        - key: apollo.client.host
          value: "[redacted]"
        - key: apollo.client.uname
          value: "[redacted]"
        - key: apollo.graph.ref
          value: "[redacted]"
        - key: apollo.router.id
          value: "[redacted]"
        - key: apollo.schema.id
          value: "[redacted]"
        - key: apollo.user.agent
          value: "[redacted]"
      droppedAttributesCount: 0
    scopeSpans:
      - scope:
          name: apollo-router
          version: apollo-router@1.46.0
          attributes: []
          droppedAttributesCount: 0
        spans:
          - traceId: "[trace_id]"
            spanId: "[span_id]"
            traceState: ""
            parentSpanId: "[span_id]"
            flags: 0
            name: http_request
            kind: 3
            startTimeUnixNano: "[start_time]"
            endTimeUnixNano: "[end_time]"
            attributes: []
            droppedAttributesCount: 0
            events: []
            droppedEventsCount: 0
            links: []
            droppedLinksCount: 0
            status:
              message: ""
              code: 0
        schemaUrl: ""
    schemaUrl: ""
  - resource:
      attributes:
        - key: apollo.client.host
          value: "[redacted]"
        - key: apollo.client.uname
          value: "[redacted]"
        - key: apollo.graph.ref
          value: "[redacted]"
        - key: apollo.router.id
          value: "[redacted]"
        - key: apollo.schema.id
          value: "[redacted]"
        - key: apollo.user.agent
          value: "[redacted]"
      droppedAttributesCount: 0
    scopeSpans:
      - scope:
          name: apollo-router
          version: apollo-router@1.46.0
          attributes: []
          droppedAttributesCount: 0
        spans:
          - traceId: "[trace_id]"
            spanId: "[span_id]"
            traceState: ""
            parentSpanId: "[span_id]"
            flags: 0
            name: flatten
            kind: 1
            startTimeUnixNano: "[start_time]"
            endTimeUnixNano: "[end_time]"
            attributes:
              - key: graphql.path
                value:
                  stringValue: /topProducts/@
            droppedAttributesCount: 0
            events: []
            droppedEventsCount: 0
            links: []
            droppedLinksCount: 0
            status:
              message: ""
              code: 0
        schemaUrl: ""
    schemaUrl: ""
  - resource:
      attributes:
        - key: apollo.client.host
          value: "[redacted]"
        - key: apollo.client.uname
          value: "[redacted]"
        - key: apollo.graph.ref
          value: "[redacted]"
        - key: apollo.router.id
          value: "[redacted]"
        - key: apollo.schema.id
          value: "[redacted]"
        - key: apollo.user.agent
          value: "[redacted]"
      droppedAttributesCount: 0
    scopeSpans:
      - scope:
          name: apollo-router
          version: apollo-router@1.46.0
          attributes: []
          droppedAttributesCount: 0
        spans:
          - traceId: "[trace_id]"
            spanId: "[span_id]"
            traceState: ""
            parentSpanId: "[span_id]"
            flags: 0
            name: fetch
            kind: 1
            startTimeUnixNano: "[start_time]"
            endTimeUnixNano: "[end_time]"
            attributes:
              - key: apollo.subgraph.name
                value:
                  stringValue: reviews
              - key: apollo_private.sent_time_offset
                value:
                  intValue: 13283137458
            droppedAttributesCount: 0
            events: []
            droppedEventsCount: 0
            links: []
            droppedLinksCount: 0
            status:
              message: ""
              code: 0
        schemaUrl: ""
    schemaUrl: ""
  - resource:
      attributes:
        - key: apollo.client.host
          value: "[redacted]"
        - key: apollo.client.uname
          value: "[redacted]"
        - key: apollo.graph.ref
          value: "[redacted]"
        - key: apollo.router.id
          value: "[redacted]"
        - key: apollo.schema.id
          value: "[redacted]"
        - key: apollo.user.agent
          value: "[redacted]"
      droppedAttributesCount: 0
    scopeSpans:
      - scope:
          name: apollo-router
          version: apollo-router@1.46.0
          attributes: []
          droppedAttributesCount: 0
        spans:
          - traceId: "[trace_id]"
            spanId: "[span_id]"
            traceState: ""
            parentSpanId: "[span_id]"
            flags: 0
            name: subgraph
            kind: 1
            startTimeUnixNano: "[start_time]"
            endTimeUnixNano: "[end_time]"
            attributes:
              - key: apollo.subgraph.name
                value:
                  stringValue: reviews
              - key: apollo_private.ftv1
                value:
                  stringValue: GgsI1fevsgYQgJOiOCILCNX3r7IGEICTojhY/eQYcp0DYpoDCglfZW50aXRpZXMaCltfRW50aXR5XSFA1NgNSL+EF2KjARAAYp4BCgdyZXZpZXdzGghbUmV2aWV3XUCDnxFIz9cRYjsQAGI3CgZhdXRob3IaBFVzZXJAyLYSSObREmIXCgJpZBoDSUQhQMKRE0jxuBNqBFVzZXJqBlJldmlld2I7EAFiNwoGYXV0aG9yGgRVc2VyQPfjE0jihhRiFwoCaWQaA0lEIUCIoRRI1LoUagRVc2VyagZSZXZpZXdqB1Byb2R1Y3RiZRABYmEKB3Jldmlld3MaCFtSZXZpZXddQJjiFEi6+hRiOxAAYjcKBmF1dGhvchoEVXNlckDElRVIoakVYhcKAmlkGgNJRCFAhsEVSN7NFWoEVXNlcmoGUmV2aWV3agdQcm9kdWN0YmUQAmJhCgdyZXZpZXdzGghbUmV2aWV3XUDl/RVIgpQWYjsQAGI3CgZhdXRob3IaBFVzZXJA2a0WSMfAFmIXCgJpZBoDSUQhQPjWFki07RZqBFVzZXJqBlJldmlld2oHUHJvZHVjdGoFUXVlcnn5AQAAAAAAAPA/
              - key: graphql.operation.name
                value:
                  stringValue: ""
            droppedAttributesCount: 0
            events: []
            droppedEventsCount: 0
            links: []
            droppedLinksCount: 0
            status:
              message: ""
              code: 0
        schemaUrl: ""
    schemaUrl: ""
  - resource:
      attributes:
        - key: apollo.client.host
          value: "[redacted]"
        - key: apollo.client.uname
          value: "[redacted]"
        - key: apollo.graph.ref
          value: "[redacted]"
        - key: apollo.router.id
          value: "[redacted]"
        - key: apollo.schema.id
          value: "[redacted]"
        - key: apollo.user.agent
          value: "[redacted]"
      droppedAttributesCount: 0
    scopeSpans:
      - scope:
          name: apollo-router
          version: apollo-router@1.46.0
          attributes: []
          droppedAttributesCount: 0
        spans:
          - traceId: "[trace_id]"
            spanId: "[span_id]"
            traceState: ""
            parentSpanId: "[span_id]"
            flags: 0
            name: rhai_plugin
            kind: 1
            startTimeUnixNano: "[start_time]"
            endTimeUnixNano: "[end_time]"
            attributes: []
            droppedAttributesCount: 0
            events: []
            droppedEventsCount: 0
            links: []
            droppedLinksCount: 0
            status:
              message: ""
              code: 0
        schemaUrl: ""
    schemaUrl: ""
  - resource:
      attributes:
        - key: apollo.client.host
          value: "[redacted]"
        - key: apollo.client.uname
          value: "[redacted]"
        - key: apollo.graph.ref
          value: "[redacted]"
        - key: apollo.router.id
          value: "[redacted]"
        - key: apollo.schema.id
          value: "[redacted]"
        - key: apollo.user.agent
          value: "[redacted]"
      droppedAttributesCount: 0
    scopeSpans:
      - scope:
          name: apollo-router
          version: apollo-router@1.46.0
          attributes: []
          droppedAttributesCount: 0
        spans:
          - traceId: "[trace_id]"
            spanId: "[span_id]"
            traceState: ""
            parentSpanId: "[span_id]"
            flags: 0
            name: subgraph_request
            kind: 3
            startTimeUnixNano: "[start_time]"
            endTimeUnixNano: "[end_time]"
            attributes:
              - key: apollo.subgraph.name
                value:
                  stringValue: reviews
              - key: graphql.operation.name
                value:
                  stringValue: ""
            droppedAttributesCount: 0
            events: []
            droppedEventsCount: 0
            links: []
            droppedLinksCount: 0
            status:
              message: ""
              code: 0
        schemaUrl: ""
    schemaUrl: ""
  - resource:
      attributes:
        - key: apollo.client.host
          value: "[redacted]"
        - key: apollo.client.uname
          value: "[redacted]"
        - key: apollo.graph.ref
          value: "[redacted]"
        - key: apollo.router.id
          value: "[redacted]"
        - key: apollo.schema.id
          value: "[redacted]"
        - key: apollo.user.agent
          value: "[redacted]"
      droppedAttributesCount: 0
    scopeSpans:
      - scope:
          name: apollo-router
          version: apollo-router@1.46.0
          attributes: []
          droppedAttributesCount: 0
        spans:
          - traceId: "[trace_id]"
            spanId: "[span_id]"
            traceState: ""
            parentSpanId: "[span_id]"
            flags: 0
            name: http_request
            kind: 3
            startTimeUnixNano: "[start_time]"
            endTimeUnixNano: "[end_time]"
            attributes: []
            droppedAttributesCount: 0
            events: []
            droppedEventsCount: 0
            links: []
            droppedLinksCount: 0
            status:
              message: ""
              code: 0
        schemaUrl: ""
    schemaUrl: ""
  - resource:
      attributes:
        - key: apollo.client.host
          value: "[redacted]"
        - key: apollo.client.uname
          value: "[redacted]"
        - key: apollo.graph.ref
          value: "[redacted]"
        - key: apollo.router.id
          value: "[redacted]"
        - key: apollo.schema.id
          value: "[redacted]"
        - key: apollo.user.agent
          value: "[redacted]"
      droppedAttributesCount: 0
    scopeSpans:
      - scope:
          name: apollo-router
          version: apollo-router@1.46.0
          attributes: []
          droppedAttributesCount: 0
        spans:
          - traceId: "[trace_id]"
            spanId: "[span_id]"
            traceState: ""
            parentSpanId: "[span_id]"
            flags: 0
            name: flatten
            kind: 1
            startTimeUnixNano: "[start_time]"
            endTimeUnixNano: "[end_time]"
            attributes:
              - key: graphql.path
                value:
                  stringValue: /topProducts/@/reviews/@/author
            droppedAttributesCount: 0
            events: []
            droppedEventsCount: 0
            links: []
            droppedLinksCount: 0
            status:
              message: ""
              code: 0
        schemaUrl: ""
    schemaUrl: ""
  - resource:
      attributes:
        - key: apollo.client.host
          value: "[redacted]"
        - key: apollo.client.uname
          value: "[redacted]"
        - key: apollo.graph.ref
          value: "[redacted]"
        - key: apollo.router.id
          value: "[redacted]"
        - key: apollo.schema.id
          value: "[redacted]"
        - key: apollo.user.agent
          value: "[redacted]"
      droppedAttributesCount: 0
    scopeSpans:
      - scope:
          name: apollo-router
          version: apollo-router@1.46.0
          attributes: []
          droppedAttributesCount: 0
        spans:
          - traceId: "[trace_id]"
            spanId: "[span_id]"
            traceState: ""
            parentSpanId: "[span_id]"
            flags: 0
            name: fetch
            kind: 1
            startTimeUnixNano: "[start_time]"
            endTimeUnixNano: "[end_time]"
            attributes:
              - key: apollo.subgraph.name
                value:
                  stringValue: accounts
              - key: apollo_private.sent_time_offset
                value:
                  intValue: 13972385500
            droppedAttributesCount: 0
            events: []
            droppedEventsCount: 0
            links: []
            droppedLinksCount: 0
            status:
              message: ""
              code: 0
        schemaUrl: ""
    schemaUrl: ""
  - resource:
      attributes:
        - key: apollo.client.host
          value: "[redacted]"
        - key: apollo.client.uname
          value: "[redacted]"
        - key: apollo.graph.ref
          value: "[redacted]"
        - key: apollo.router.id
          value: "[redacted]"
        - key: apollo.schema.id
          value: "[redacted]"
        - key: apollo.user.agent
          value: "[redacted]"
      droppedAttributesCount: 0
    scopeSpans:
      - scope:
          name: apollo-router
          version: apollo-router@1.46.0
          attributes: []
          droppedAttributesCount: 0
        spans:
          - traceId: "[trace_id]"
            spanId: "[span_id]"
            traceState: ""
            parentSpanId: "[span_id]"
            flags: 0
            name: subgraph
            kind: 1
            startTimeUnixNano: "[start_time]"
            endTimeUnixNano: "[end_time]"
            attributes:
              - key: apollo.subgraph.name
                value:
                  stringValue: accounts
              - key: apollo_private.ftv1
                value:
                  stringValue: GgwI1fevsgYQwP2w4AIiDAjV96+yBhCA5//dAljO7qsCcnJicAoJX2VudGl0aWVzGgpbX0VudGl0eV0hQLK2oAJIpN+pAmIiEABiHgoEbmFtZRoGU3RyaW5nQNChpwJI/peoAmoEVXNlcmIiEAFiHgoEbmFtZRoGU3RyaW5nQOSHqQJI5r+pAmoEVXNlcmoFUXVlcnn5AQAAAAAAAPA/
              - key: graphql.operation.name
                value:
                  stringValue: ""
            droppedAttributesCount: 0
            events: []
            droppedEventsCount: 0
            links: []
            droppedLinksCount: 0
            status:
              message: ""
              code: 0
        schemaUrl: ""
    schemaUrl: ""
  - resource:
      attributes:
        - key: apollo.client.host
          value: "[redacted]"
        - key: apollo.client.uname
          value: "[redacted]"
        - key: apollo.graph.ref
          value: "[redacted]"
        - key: apollo.router.id
          value: "[redacted]"
        - key: apollo.schema.id
          value: "[redacted]"
        - key: apollo.user.agent
          value: "[redacted]"
      droppedAttributesCount: 0
    scopeSpans:
      - scope:
          name: apollo-router
          version: apollo-router@1.46.0
          attributes: []
          droppedAttributesCount: 0
        spans:
          - traceId: "[trace_id]"
            spanId: "[span_id]"
            traceState: ""
            parentSpanId: "[span_id]"
            flags: 0
            name: rhai_plugin
            kind: 1
            startTimeUnixNano: "[start_time]"
            endTimeUnixNano: "[end_time]"
            attributes: []
            droppedAttributesCount: 0
            events: []
            droppedEventsCount: 0
            links: []
            droppedLinksCount: 0
            status:
              message: ""
              code: 0
        schemaUrl: ""
    schemaUrl: ""
  - resource:
      attributes:
        - key: apollo.client.host
          value: "[redacted]"
        - key: apollo.client.uname
          value: "[redacted]"
        - key: apollo.graph.ref
          value: "[redacted]"
        - key: apollo.router.id
          value: "[redacted]"
        - key: apollo.schema.id
          value: "[redacted]"
        - key: apollo.user.agent
          value: "[redacted]"
      droppedAttributesCount: 0
    scopeSpans:
      - scope:
          name: apollo-router
          version: apollo-router@1.46.0
          attributes: []
          droppedAttributesCount: 0
        spans:
          - traceId: "[trace_id]"
            spanId: "[span_id]"
            traceState: ""
            parentSpanId: "[span_id]"
            flags: 0
            name: subgraph_request
            kind: 3
            startTimeUnixNano: "[start_time]"
            endTimeUnixNano: "[end_time]"
            attributes:
              - key: apollo.subgraph.name
                value:
                  stringValue: accounts
              - key: graphql.operation.name
                value:
                  stringValue: ""
            droppedAttributesCount: 0
            events: []
            droppedEventsCount: 0
            links: []
            droppedLinksCount: 0
            status:
              message: ""
              code: 0
        schemaUrl: ""
    schemaUrl: ""
  - resource:
      attributes:
        - key: apollo.client.host
          value: "[redacted]"
        - key: apollo.client.uname
          value: "[redacted]"
        - key: apollo.graph.ref
          value: "[redacted]"
        - key: apollo.router.id
          value: "[redacted]"
        - key: apollo.schema.id
          value: "[redacted]"
        - key: apollo.user.agent
          value: "[redacted]"
      droppedAttributesCount: 0
    scopeSpans:
      - scope:
          name: apollo-router
          version: apollo-router@1.46.0
          attributes: []
          droppedAttributesCount: 0
        spans:
          - traceId: "[trace_id]"
            spanId: "[span_id]"
            traceState: ""
            parentSpanId: "[span_id]"
            flags: 0
            name: http_request
            kind: 3
            startTimeUnixNano: "[start_time]"
            endTimeUnixNano: "[end_time]"
            attributes: []
            droppedAttributesCount: 0
            events: []
            droppedEventsCount: 0
            links: []
            droppedLinksCount: 0
            status:
              message: ""
              code: 0
        schemaUrl: ""
    schemaUrl: ""
